digraph cos_xpy_adr {
  margin=0
  compound=true
  rankdir=LR
  node [shape=Mrecord]
  edge [fontsize=8,fontcolor=indigo]
  bgcolor=transparent
  nslimit=20
  subgraph clusterc0 { label=""; color=white; margin=0; c0 [label="{In|{<Out0>|<Out1>}}"] }
  subgraph clusterc1 { label=""; color=white; margin=0; c1 [label="{{<In0>|<In1>}|+|{<Out0>}}"] }
  subgraph clusterc63 { label=""; color=white; margin=0; c63 [label="{{<In0>}|cos|{<Out0>}}"] }
  subgraph clusterc64 { label=""; color=white; margin=0; c64 [label="{{<In0>}|sin|{<Out0>}}"] }
  subgraph cluster_117 {
    margin=8
    fontsize=20
    labeljust=r
    color=DarkGreen
    c114 [label="{{<In0>|<In1>}|\×|{<Out0>}}"]
    c113 [label="{In|{<Out0>}}"]
    c116 [label="{{<In0>|<In1>}|Out}"]
    c115 [label="{{<In0>}|negate|{<Out0>}}"]
    c64:Out0 -> c114:In0 [label="Double"]
    c113:Out0 -> c114:In1 [label="Double"]
    c115:Out0 -> c116:In0 [label="Double"]
    c115:Out0 -> c116:In1 [label="Double"]
    c114:Out0 -> c115:In0 [label="Double"]
  }
  subgraph clusterc118 { label=""; color=white; margin=0; c118 [label="{{<In0>|<In1>}|Out}"] }
  c0:Out0 -> c1:In0 [label="Double"]
  c0:Out1 -> c1:In1 [label="Double"]
  c1:Out0 -> c63:In0 [label="Double"]
  c1:Out0 -> c64:In0 [label="Double"]
  c63:Out0 -> c118:In0 [label="Double"]
  c116 -> c118:In1 [ltail=cluster_117,label="Double ’ Double × Double"]
}
