digraph cos_2xx_adf {
  margin=0
  compound=true
  rankdir=LR
  node [shape=Mrecord]
  edge [fontsize=8,fontcolor=indigo]
  bgcolor=transparent
  nslimit=20
  subgraph clusterc0 { label=""; color=white; margin=0; c0 [label="{In|{<Out0>}}"] }
  subgraph clusterc366 { label=""; color=white; margin=0; c366 [label="{2.0|{<Out0>}}"] }
  subgraph clusterc431 { label=""; color=white; margin=0; c431 [label="{{<In0>|<In1>}|\×|{<Out0>}}"] }
  subgraph clusterc572 { label=""; color=white; margin=0; c572 [label="{{<In0>|<In1>}|\×|{<Out0>}}"] }
  subgraph clusterc689 { label=""; color=white; margin=0; c689 [label="{{<In0>}|cos|{<Out0>}}"] }
  subgraph clusterc690 { label=""; color=white; margin=0; c690 [label="{{<In0>}|sin|{<Out0>}}"] }
  subgraph cluster_726 {
    margin=8
    fontsize=20
    labeljust=r
    color=DarkGreen
    c720 [label="{{<In0>|<In1>}|\×|{<Out0>}}"]
    c719 [label="{{<In0>|<In1>}|\×|{<Out0>}}"]
    c721 [label="{{<In0>|<In1>}|\×|{<Out0>}}"]
    c723 [label="{{<In0>|<In1>}|\×|{<Out0>}}"]
    c722 [label="{{<In0>|<In1>}|+|{<Out0>}}"]
    c718 [label="{In|{<Out0>}}"]
    c725 [label="{{<In0>}|Out}"]
    c724 [label="{{<In0>}|negate|{<Out0>}}"]
    c0:Out0 -> c720:In0 [label="Double"]
    c719:Out0 -> c720:In1 [label="Double"]
    c366:Out0 -> c719:In0 [label="Double"]
    c718:Out0 -> c719:In1 [label="Double"]
    c431:Out0 -> c721:In0 [label="Double"]
    c718:Out0 -> c721:In1 [label="Double"]
    c690:Out0 -> c723:In0 [label="Double"]
    c722:Out0 -> c723:In1 [label="Double"]
    c720:Out0 -> c722:In0 [label="Double"]
    c721:Out0 -> c722:In1 [label="Double"]
    c724:Out0 -> c725:In0 [label="Double"]
    c723:Out0 -> c724:In0 [label="Double"]
  }
  subgraph clusterc727 { label=""; color=white; margin=0; c727 [label="{{<In0>|<In1>}|Out}"] }
  c0:Out0 -> c431:In0 [label="Double"]
  c366:Out0 -> c431:In1 [label="Double"]
  c0:Out0 -> c572:In0 [label="Double"]
  c431:Out0 -> c572:In1 [label="Double"]
  c572:Out0 -> c689:In0 [label="Double"]
  c572:Out0 -> c690:In0 [label="Double"]
  c689:Out0 -> c727:In0 [label="Double"]
  c725 -> c727:In1 [ltail=cluster_726,label="Double ’ Double"]
}
