apply .
(curry
 (apply .
  (curry
   (abst .
    (subC .
     (mulC . (exl . exr . exl &&& exl . exr) &&&
      mulC . (exr . exr . exl &&& exr . exr)) &&&
     addC .
     (mulC . (exl . exr . exl &&& exr . exr) &&&
      mulC . (exr . exr . exl &&& exl . exr))) .
    (id &&& repr . exr . exl) . (id &&& repr . exl)) .
   exl &&&
   exr)) .
 exl &&&
 exr)