second (id . repr) .
apply .
((curry
  ((exr ***
    apply .
    (curry (abst . apply . (exl *** repr . exr) . dup) .
     curry
     (curry (apply . (exl . exl *** apply . (exr . exl *** exr) . dup) . dup)) .
     repr .
     abst .
     curry mulC . apply . (curry exl . negateC . sinC . exl *** exr) . dup ***
     abst . curry (addC . exr)) .
    dup) .
   dup) ***
  cosC) .
 dup) .
addC