digraph cos_2xx_gradr {
  margin=0
  compound=true
  rankdir=LR
  node [shape=Mrecord]
  edge [fontsize=8,fontcolor=indigo]
  bgcolor=transparent
  nslimit=20
  c0 [label="{In|{<Out0>}}"]
  c323 [label="{2.0|{<Out0>}}"]
  c462 [label="{{<In0>|<In1>}|\×|{<Out0>}}"]
  c993 [label="{{<In0>|<In1>}|\×|{<Out0>}}"]
  c1220 [label="{{<In0>}|cos|{<Out0>}}"]
  c1221 [label="{{<In0>}|sin|{<Out0>}}"]
  c1408 [label="{{<In0>|<In1>}|\×|{<Out0>}}"]
  c1410 [label="{{<In0>|<In1>}|\×|{<Out0>}}"]
  c1414 [label="{{<In0>|<In1>}|\×|{<Out0>}}"]
  c1417 [label="{{<In0>|<In1>}|+|{<Out0>}}"]
  c1418 [label="{{<In0>}|negate|{<Out0>}}"]
  c1419 [label="{{<In0>|<In1>}|Out}"]
  c0:Out0 -> c462:In0 [label="Double"]
  c323:Out0 -> c462:In1 [label="Double"]
  c0:Out0 -> c993:In0 [label="Double"]
  c462:Out0 -> c993:In1 [label="Double"]
  c993:Out0 -> c1220:In0 [label="Double"]
  c993:Out0 -> c1221:In0 [label="Double"]
  c0:Out0 -> c1408:In0 [label="Double"]
  c1221:Out0 -> c1408:In1 [label="Double"]
  c462:Out0 -> c1410:In0 [label="Double"]
  c1221:Out0 -> c1410:In1 [label="Double"]
  c323:Out0 -> c1414:In0 [label="Double"]
  c1408:Out0 -> c1414:In1 [label="Double"]
  c1410:Out0 -> c1417:In0 [label="Double"]
  c1414:Out0 -> c1417:In1 [label="Double"]
  c1417:Out0 -> c1418:In0 [label="Double"]
  c1220:Out0 -> c1419:In0 [label="Double"]
  c1418:Out0 -> c1419:In1 [label="Double"]
}
