digraph cos_2x_adr {
  margin=0
  compound=true
  rankdir=LR
  node [shape=Mrecord]
  edge [fontsize=8,fontcolor=indigo]
  bgcolor=transparent
  nslimit=20
  subgraph clusterc0 { label=""; color=white; margin=0; c0 [label="{In|{<Out0>}}"] }
  subgraph clusterc1 { label=""; color=white; margin=0; c1 [label="{2.0|{<Out0>}}"] }
  subgraph clusterc322 { label=""; color=white; margin=0; c322 [label="{{<In0>|<In1>}|\×|{<Out0>}}"] }
  subgraph clusterc523 { label=""; color=white; margin=0; c523 [label="{{<In0>}|cos|{<Out0>}}"] }
  subgraph clusterc524 { label=""; color=white; margin=0; c524 [label="{{<In0>}|sin|{<Out0>}}"] }
  subgraph cluster_683 {
    margin=8
    fontsize=20
    labeljust=r
    color=DarkGreen
    c679 [label="{{<In0>|<In1>}|\×|{<Out0>}}"]
    c675 [label="{{<In0>|<In1>}|\×|{<Out0>}}"]
    c674 [label="{In|{<Out0>}}"]
    c682 [label="{{<In0>}|Out}"]
    c680 [label="{{<In0>}|negate|{<Out0>}}"]
    c1:Out0 -> c679:In0 []
    c675:Out0 -> c679:In1 []
    c524:Out0 -> c675:In0 []
    c674:Out0 -> c675:In1 []
    c680:Out0 -> c682:In0 []
    c679:Out0 -> c680:In0 []
  }
  subgraph clusterc684 { label=""; color=white; margin=0; c684 [label="{{<In0>|<In1>}|Out}"] }
  c0:Out0 -> c322:In0 []
  c1:Out0 -> c322:In1 []
  c322:Out0 -> c523:In0 []
  c322:Out0 -> c524:In0 []
  c523:Out0 -> c684:In0 []
  c682 -> c684:In1 [ltail=cluster_683]
}
