digraph cos_2xx_adr {
  margin=0
  compound=true
  rankdir=LR
  node [shape=Mrecord]
  edge [fontsize=8,fontcolor=indigo]
  bgcolor=transparent
  nslimit=20
  subgraph clusterc0 { label=""; color=white; margin=0; c0 [label="{In|{<Out0>}}"] }
  subgraph clusterc391 { label=""; color=white; margin=0; c391 [label="{2.0|{<Out0>}}"] }
  subgraph clusterc530 { label=""; color=white; margin=0; c530 [label="{{<In0>|<In1>}|\×|{<Out0>}}"] }
  subgraph clusterc1129 { label=""; color=white; margin=0; c1129 [label="{{<In0>|<In1>}|\×|{<Out0>}}"] }
  subgraph clusterc1424 { label=""; color=white; margin=0; c1424 [label="{{<In0>}|cos|{<Out0>}}"] }
  subgraph clusterc1425 { label=""; color=white; margin=0; c1425 [label="{{<In0>}|sin|{<Out0>}}"] }
  subgraph cluster_1610 {
    margin=8
    fontsize=20
    labeljust=r
    color=DarkGreen
    c1598 [label="{{<In0>|<In1>}|\×|{<Out0>}}"]
    c1604 [label="{{<In0>|<In1>}|\×|{<Out0>}}"]
    c1600 [label="{{<In0>|<In1>}|\×|{<Out0>}}"]
    c1596 [label="{{<In0>|<In1>}|\×|{<Out0>}}"]
    c1607 [label="{{<In0>|<In1>}|+|{<Out0>}}"]
    c1595 [label="{In|{<Out0>}}"]
    c1609 [label="{{<In0>}|Out}"]
    c1608 [label="{{<In0>}|negate|{<Out0>}}"]
    c0:Out0 -> c1598:In0 [label="Double"]
    c1596:Out0 -> c1598:In1 [label="Double"]
    c391:Out0 -> c1604:In0 [label="Double"]
    c1598:Out0 -> c1604:In1 [label="Double"]
    c530:Out0 -> c1600:In0 [label="Double"]
    c1596:Out0 -> c1600:In1 [label="Double"]
    c1425:Out0 -> c1596:In0 [label="Double"]
    c1595:Out0 -> c1596:In1 [label="Double"]
    c1600:Out0 -> c1607:In0 [label="Double"]
    c1604:Out0 -> c1607:In1 [label="Double"]
    c1608:Out0 -> c1609:In0 [label="Double"]
    c1607:Out0 -> c1608:In0 [label="Double"]
  }
  subgraph clusterc1611 { label=""; color=white; margin=0; c1611 [label="{{<In0>|<In1>}|Out}"] }
  c0:Out0 -> c530:In0 [label="Double"]
  c391:Out0 -> c530:In1 [label="Double"]
  c0:Out0 -> c1129:In0 [label="Double"]
  c530:Out0 -> c1129:In1 [label="Double"]
  c1129:Out0 -> c1424:In0 [label="Double"]
  c1129:Out0 -> c1425:In0 [label="Double"]
  c1424:Out0 -> c1611:In0 [label="Double"]
  c1609 -> c1611:In1 [ltail=cluster_1610,label="Double ’ Double"]
}
