digraph cos_2xx_adr {
  margin=0
  compound=true
  rankdir=LR
  node [shape=Mrecord]
  edge [fontsize=8,fontcolor=indigo]
  bgcolor=transparent
  nslimit=20
  subgraph clusterc0 { label=""; color=white; margin=0; c0 [label="{In|{<Out0>}}"] }
  subgraph clusterc323 { label=""; color=white; margin=0; c323 [label="{2.0|{<Out0>}}"] }
  subgraph clusterc462 { label=""; color=white; margin=0; c462 [label="{{<In0>|<In1>}|\×|{<Out0>}}"] }
  subgraph clusterc993 { label=""; color=white; margin=0; c993 [label="{{<In0>|<In1>}|\×|{<Out0>}}"] }
  subgraph clusterc1220 { label=""; color=white; margin=0; c1220 [label="{{<In0>}|cos|{<Out0>}}"] }
  subgraph clusterc1221 { label=""; color=white; margin=0; c1221 [label="{{<In0>}|sin|{<Out0>}}"] }
  subgraph cluster_1406 {
    margin=8
    fontsize=20
    labeljust=r
    color=DarkGreen
    c1394 [label="{{<In0>|<In1>}|\×|{<Out0>}}"]
    c1400 [label="{{<In0>|<In1>}|\×|{<Out0>}}"]
    c1396 [label="{{<In0>|<In1>}|\×|{<Out0>}}"]
    c1392 [label="{{<In0>|<In1>}|\×|{<Out0>}}"]
    c1403 [label="{{<In0>|<In1>}|+|{<Out0>}}"]
    c1391 [label="{In|{<Out0>}}"]
    c1405 [label="{{<In0>}|Out}"]
    c1404 [label="{{<In0>}|negate|{<Out0>}}"]
    c0:Out0 -> c1394:In0 [label="Double"]
    c1392:Out0 -> c1394:In1 [label="Double"]
    c323:Out0 -> c1400:In0 [label="Double"]
    c1394:Out0 -> c1400:In1 [label="Double"]
    c462:Out0 -> c1396:In0 [label="Double"]
    c1392:Out0 -> c1396:In1 [label="Double"]
    c1221:Out0 -> c1392:In0 [label="Double"]
    c1391:Out0 -> c1392:In1 [label="Double"]
    c1396:Out0 -> c1403:In0 [label="Double"]
    c1400:Out0 -> c1403:In1 [label="Double"]
    c1404:Out0 -> c1405:In0 [label="Double"]
    c1403:Out0 -> c1404:In0 [label="Double"]
  }
  subgraph clusterc1407 { label=""; color=white; margin=0; c1407 [label="{{<In0>|<In1>}|Out}"] }
  c0:Out0 -> c462:In0 [label="Double"]
  c323:Out0 -> c462:In1 [label="Double"]
  c0:Out0 -> c993:In0 [label="Double"]
  c462:Out0 -> c993:In1 [label="Double"]
  c993:Out0 -> c1220:In0 [label="Double"]
  c993:Out0 -> c1221:In0 [label="Double"]
  c1220:Out0 -> c1407:In0 [label="Double"]
  c1405 -> c1407:In1 [ltail=cluster_1406,label="Double ’ Double"]
}
