digraph cos_2xx_adf {
  margin=0
  compound=true
  rankdir=LR
  node [shape=Mrecord]
  edge [fontsize=8,fontcolor=indigo]
  bgcolor=transparent
  nslimit=20
  subgraph clusterc0 { label=""; color=white; margin=0; c0 [label="{In|{<Out0>}}"] }
  subgraph clusterc209 { label=""; color=white; margin=0; c209 [label="{2.0|{<Out0>}}"] }
  subgraph clusterc290 { label=""; color=white; margin=0; c290 [label="{{<In0>|<In1>}|\×|{<Out0>}}"] }
  subgraph clusterc589 { label=""; color=white; margin=0; c589 [label="{{<In0>|<In1>}|\×|{<Out0>}}"] }
  subgraph clusterc734 { label=""; color=white; margin=0; c734 [label="{{<In0>}|cos|{<Out0>}}"] }
  subgraph clusterc735 { label=""; color=white; margin=0; c735 [label="{{<In0>}|sin|{<Out0>}}"] }
  subgraph cluster_826 {
    margin=8
    fontsize=20
    labeljust=r
    color=DarkGreen
    c820 [label="{{<In0>|<In1>}|\×|{<Out0>}}"]
    c819 [label="{{<In0>|<In1>}|\×|{<Out0>}}"]
    c821 [label="{{<In0>|<In1>}|\×|{<Out0>}}"]
    c823 [label="{{<In0>|<In1>}|\×|{<Out0>}}"]
    c822 [label="{{<In0>|<In1>}|+|{<Out0>}}"]
    c817 [label="{In|{<Out0>}}"]
    c825 [label="{{<In0>}|Out}"]
    c824 [label="{{<In0>}|negate|{<Out0>}}"]
    c0:Out0 -> c820:In0 [label="Double"]
    c819:Out0 -> c820:In1 [label="Double"]
    c209:Out0 -> c819:In0 [label="Double"]
    c817:Out0 -> c819:In1 [label="Double"]
    c290:Out0 -> c821:In0 [label="Double"]
    c817:Out0 -> c821:In1 [label="Double"]
    c735:Out0 -> c823:In0 [label="Double"]
    c822:Out0 -> c823:In1 [label="Double"]
    c820:Out0 -> c822:In0 [label="Double"]
    c821:Out0 -> c822:In1 [label="Double"]
    c824:Out0 -> c825:In0 [label="Double"]
    c823:Out0 -> c824:In0 [label="Double"]
  }
  subgraph clusterc827 { label=""; color=white; margin=0; c827 [label="{{<In0>|<In1>}|Out}"] }
  c0:Out0 -> c290:In0 [label="Double"]
  c209:Out0 -> c290:In1 [label="Double"]
  c0:Out0 -> c589:In0 [label="Double"]
  c290:Out0 -> c589:In1 [label="Double"]
  c589:Out0 -> c734:In0 [label="Double"]
  c589:Out0 -> c735:In0 [label="Double"]
  c734:Out0 -> c827:In0 [label="Double"]
  c825 -> c827:In1 [ltail=cluster_826,label="Double ’ Double"]
}
