digraph cos_2xx_gradr {
  margin=0
  compound=true
  rankdir=LR
  node [shape=Mrecord]
  edge [fontsize=8,fontcolor=indigo]
  bgcolor=transparent
  nslimit=20
  c0 [label="{In|{<Out0>}}"]
  c391 [label="{2.0|{<Out0>}}"]
  c530 [label="{{<In0>|<In1>}|\×|{<Out0>}}"]
  c1129 [label="{{<In0>|<In1>}|\×|{<Out0>}}"]
  c1424 [label="{{<In0>}|cos|{<Out0>}}"]
  c1425 [label="{{<In0>}|sin|{<Out0>}}"]
  c1612 [label="{{<In0>|<In1>}|\×|{<Out0>}}"]
  c1614 [label="{{<In0>|<In1>}|\×|{<Out0>}}"]
  c1618 [label="{{<In0>|<In1>}|\×|{<Out0>}}"]
  c1621 [label="{{<In0>|<In1>}|+|{<Out0>}}"]
  c1622 [label="{{<In0>}|negate|{<Out0>}}"]
  c1623 [label="{{<In0>|<In1>}|Out}"]
  c0:Out0 -> c530:In0 [label="Double"]
  c391:Out0 -> c530:In1 [label="Double"]
  c0:Out0 -> c1129:In0 [label="Double"]
  c530:Out0 -> c1129:In1 [label="Double"]
  c1129:Out0 -> c1424:In0 [label="Double"]
  c1129:Out0 -> c1425:In0 [label="Double"]
  c0:Out0 -> c1612:In0 [label="Double"]
  c1425:Out0 -> c1612:In1 [label="Double"]
  c530:Out0 -> c1614:In0 [label="Double"]
  c1425:Out0 -> c1614:In1 [label="Double"]
  c391:Out0 -> c1618:In0 [label="Double"]
  c1612:Out0 -> c1618:In1 [label="Double"]
  c1614:Out0 -> c1621:In0 [label="Double"]
  c1618:Out0 -> c1621:In1 [label="Double"]
  c1621:Out0 -> c1622:In0 [label="Double"]
  c1424:Out0 -> c1623:In0 [label="Double"]
  c1622:Out0 -> c1623:In1 [label="Double"]
}
