second
(coerce .
 apply .
 (curry (distribute . apply) .
  curry
  (fmap (coerce . apply . (exl &&& coerce . exr)) . zipC . first point) &&&
  tabulate .
  curry
  (tabulate .
   curry (ifC . (equal . (exr . exl &&& exr) &&& const 1.0 &&& exl . exl))) .
  const 0.0)) .
second (id . repr) .
apply .
(curry
 (exr &&&
  abst . curry mulC . apply . (curry exl . negate . sin . exl &&& exr)) &&&
 cos)