digraph cosSinProd_adr {
  margin=0
  compound=true
  rankdir=LR
  node [shape=Mrecord]
  edge [fontsize=8,fontcolor=indigo]
  bgcolor=transparent
  nslimit=20
  subgraph clusterc0 { label=""; color=white; margin=0; c0 [label="{In|{<Out0>|<Out1>}}"] }
  subgraph clusterc1 { label=""; color=white; margin=0; c1 [label="{{<In0>|<In1>}|\×|{<Out0>}}"] }
  subgraph clusterc229 { label=""; color=white; margin=0; c229 [label="{{<In0>}|sin|{<Out0>}}"] }
  subgraph clusterc284 { label=""; color=white; margin=0; c284 [label="{{<In0>}|cos|{<Out0>}}"] }
  subgraph cluster_416 {
    margin=8
    fontsize=20
    labeljust=r
    color=DarkGreen
    c414 [label="{{<In0>|<In1>}|\×|{<Out0>}}"]
    c413 [label="{{<In0>|<In1>}|\×|{<Out0>}}"]
    c409 [label="{{<In0>|<In1>}|\×|{<Out0>}}"]
    c411 [label="{{<In0>|<In1>}|\×|{<Out0>}}"]
    c412 [label="{{<In0>|<In1>}|\|{<Out0>}}"]
    c408 [label="{In|{<Out0>|<Out1>}}"]
    c415 [label="{{<In0>|<In1>}|Out}"]
    c0:Out0 -> c414:In0 []
    c412:Out0 -> c414:In1 []
    c0:Out1 -> c413:In0 []
    c412:Out0 -> c413:In1 []
    c229:Out0 -> c409:In0 []
    c408:Out0 -> c409:In1 []
    c284:Out0 -> c411:In0 []
    c408:Out1 -> c411:In1 []
    c411:Out0 -> c412:In0 []
    c409:Out0 -> c412:In1 []
    c413:Out0 -> c415:In0 []
    c414:Out0 -> c415:In1 []
  }
  subgraph clusterc417 { label=""; color=white; margin=0; c417 [label="{{<In0>|<In1>|<In2>}|Out}"] }
  c0:Out0 -> c1:In0 []
  c0:Out1 -> c1:In1 []
  c1:Out0 -> c229:In0 []
  c1:Out0 -> c284:In0 []
  c284:Out0 -> c417:In0 []
  c229:Out0 -> c417:In1 []
  c415 -> c417:In2 [ltail=cluster_416]
}
