(exl . id &&& repr . exr . id) .
second repr .
apply .
(curry
 (exl . exr &&&
  apply .
  (curry
   (abst .
    apply .
    (curry (abst . apply . (exl &&& repr . exr)) .
     curry (curry (apply . (exl . exl &&& apply . (exr . exl &&& exr)))) .
     repr . repr . exr &&&
     repr . exl)) .
   exr . exr &&&
   abst .
   apply .
   (curry (abst . apply . (exl &&& repr . exr)) .
    curry (curry (apply . (exl . exl &&& apply . (exr . exl &&& exr)))) .
    repr . repr &&&
    abst . curry (addC . exr)) .
   exr . exl)) &&&
 apply .
 (curry
  (apply .
   (curry
    ((exr &&& exr . exl) &&&
     apply .
     (curry (abst . apply . (exl &&& repr . exr)) .
      curry (abst . apply . (exl &&& repr . exr)) .
      curry
      (curry
       (apply . (exl . exl &&& exl . exr) &&&
        apply . (exr . exl &&& exr . exr))) .
      (id . repr) .
      repr .
      abst .
      abst .
      curry mulC .
      apply . (curry exl . negate . sin . exl . exl . exl &&& exr) &&&
      abst .
      abst .
      curry mulC .
      apply . (curry exl . cos . exr . exl . exl &&& exr . exl))) &&&
    cos . exl . exl)) &&&
  sin . exr) .
 (id &&& id) . exl) .
(mulC &&&
 apply .
 (curry (abst . apply . (exl &&& repr . exr)) .
  curry (abst . apply . (exl &&& repr . exr)) .
  curry (curry (apply . (exl . exl &&& exr) &&& apply . (exr . exl &&& exr))) .
  repr . repr . abst . abst . curry mulC . exr &&&
  abst . abst . curry mulC . exl))