digraph deriv_sin {
  margin=0
  compound=true
  rankdir=LR
  node [shape=Mrecord]
  edge [fontsize=8,fontcolor=indigo]
  bgcolor=transparent
  nslimit=20
  c0 [label="{In|{<Out0>}}"]
  c13 [label="{{<In0>}|cos|{<Out0>}}"]
  c22 [label="{{<In0>}|Out}"]
  c0:Out0 -> c13:In0 []
  c13:Out0 -> c22:In0 []
}
