digraph dup_gradr {
  margin=0
  compound=true
  rankdir=LR
  node [shape=Mrecord]
  edge [fontsize=8,fontcolor=indigo]
  bgcolor=transparent
  nslimit=20
  c0 [label="{In|{<Out0>}}"]
  c5 [label="{1.0|{<Out0>}}"]
  c6 [label="{0.0|{<Out0>}}"]
  c7 [label="{{<In0>|<In1>}|jamP|{<Out0>}}"]
  c8 [label="{{<In0>|<In1>}|jamP|{<Out0>}}"]
  c9 [label="{{<In0>|<In1>|<In2>|<In3>}|Out}"]
  c5:Out0 -> c7:In0 []
  c6:Out0 -> c7:In1 []
  c6:Out0 -> c8:In0 []
  c5:Out0 -> c8:In1 []
  c0:Out0 -> c9:In0 []
  c0:Out0 -> c9:In1 []
  c7:Out0 -> c9:In2 []
  c8:Out0 -> c9:In3 []
}
