apply .
(curry
 (apply .
  (apply .
   (apply .
    (curry
     (curry
      (curry
       (ifC .
        (equal . (exl . exl . exl &&& exr . exl) &&&
         equal . (exr . exl . exl &&& exr) &&& const False)))) .
     exl . exr . exl &&&
     exr . exr . exl) &&&
    exl . exr) &&&
   exr . exr) .
  (id &&& exr . exl) . (id &&& exl)) .
 exl &&&
 exr)