digraph err1Grad_c {
  margin=0
  compound=true
  rankdir=LR
  node [shape=Mrecord]
  edge [fontsize=8,fontcolor=indigo]
  bgcolor=transparent
  nslimit=20
  c0 [label="{In|{<Out0>|<Out1>|<Out2>|<Out3>}}"]
  c1992 [label="{{<In0>|<In1>}|\×|{<Out0>}}"]
  c3128 [label="{{<In0>|<In1>}|+|{<Out0>}}"]
  c3130 [label="{{<In0>|<In1>}|\|{<Out0>}}"]
  c3746 [label="{0.0|{<Out0>}}"]
  c4224 [label="{{<In0>|<In1>}|jamP|{<Out0>}}"]
  c4227 [label="{{<In0>}|negate|{<Out0>}}"]
  c4228 [label="{{<In0>|<In1>}|\×|{<Out0>}}"]
  c4229 [label="{{<In0>}|negate|{<Out0>}}"]
  c4232 [label="{{<In0>}|inlP|{<Out0>|<Out1>}}"]
  c4233 [label="{{<In0>|<In1>|<In2>|<In3>}|jamP|{<Out0>|<Out1>}}"]
  c4234 [label="{{<In0>}|inrP|{<Out0>|<Out1>}}"]
  c4235 [label="{{<In0>|<In1>|<In2>|<In3>}|jamP|{<Out0>|<Out1>}}"]
  c4236 [label="{{<In0>|<In1>|<In2>|<In3>}|jamP|{<Out0>|<Out1>}}"]
  c4237 [label="{{<In0>|<In1>}|Out}"]
  c0:Out0 -> c1992:In0 []
  c0:Out2 -> c1992:In1 []
  c0:Out3 -> c3128:In0 []
  c1992:Out0 -> c3128:In1 []
  c0:Out1 -> c3130:In0 []
  c3128:Out0 -> c3130:In1 []
  c3130:Out0 -> c4224:In0 []
  c3130:Out0 -> c4224:In1 []
  c4224:Out0 -> c4227:In0 []
  c0:Out0 -> c4228:In0 []
  c4224:Out0 -> c4228:In1 []
  c4228:Out0 -> c4229:In0 []
  c4229:Out0 -> c4232:In0 []
  c4232:Out0 -> c4233:In0 []
  c4232:Out1 -> c4233:In1 []
  c3746:Out0 -> c4233:In2 []
  c3746:Out0 -> c4233:In3 []
  c4227:Out0 -> c4234:In0 []
  c4233:Out0 -> c4235:In0 []
  c4233:Out1 -> c4235:In1 []
  c4234:Out0 -> c4235:In2 []
  c4234:Out1 -> c4235:In3 []
  c3746:Out0 -> c4236:In0 []
  c3746:Out0 -> c4236:In1 []
  c4235:Out0 -> c4236:In2 []
  c4235:Out1 -> c4236:In3 []
  c4236:Out0 -> c4237:In0 []
  c4236:Out1 -> c4237:In1 []
}
