(abst .
 (coerce .
  apply .
  (curry
   (abst .
    (addC . (exl . exr . exl &&& exl . exr) &&&
     addC . (exr . exr . exl &&& exr . exr)) .
    (id &&& repr . exr . exl) . (id &&& repr . exl)) .
   coerce . exl &&&
   coerce . exr) &&&
  coerce .
  apply .
  (curry
   (abst .
    (subC . (exl . exr . exl &&& exl . exr) &&&
     subC . (exr . exr . exl &&& exr . exr)) .
    (id &&& repr . exr . exl) . (id &&& repr . exl)) .
   coerce . exl &&&
   coerce . exr))) .
repr