digraph fmap_v_dl {
  margin=0
  compound=true
  rankdir=LR
  node [shape=Mrecord]
  edge [fontsize=8,fontcolor=indigo]
  bgcolor=transparent
  nslimit=20
  subgraph clusterc0 { label=""; color=white; margin=0; c0 [label="{In|{<Out0>}}"] }
  subgraph cluster_13 {
    margin=8
    fontsize=20
    labeljust=r
    color=DarkGreen
    subgraph clusterc12 { label=""; color=white; margin=0; c12 [label="{{<In0>}|Out}"] }
    subgraph cluster_11 {
      margin=8
      fontsize=20
      labeljust=r
      color=DarkGreen
      c8 [label="{In|{<Out0>}}"]
      c10 [label="{{<In0>}|Out}"]
      c9 [label="{{<In0>}|negate|{<Out0>}}"]
      c9:Out0 -> c10:In0 []
      c8:Out0 -> c9:In0 []
    }
    c10 -> c12:In0 [ltail=cluster_11]
  }
  subgraph clusterc14 { label=""; color=white; margin=0; c14 [label="{{<In0>|<In1>}|fmap|{<Out0>}}"] }
  subgraph cluster_17 {
    margin=8
    fontsize=20
    labeljust=r
    color=DarkGreen
    c15 [label="{In|{<Out0>}}"]
    c16 [label="{{<In0>}|Out}"]
    c15:Out0 -> c16:In0 []
  }
  subgraph clusterc18 { label=""; color=white; margin=0; c18 [label="{{<In0>|<In1>}|fmap|{<Out0>}}"] }
  subgraph cluster_31 {
    margin=8
    fontsize=20
    labeljust=r
    color=DarkGreen
    subgraph clusterc19 { label=""; color=white; margin=0; c19 [label="{In|{<Out0>}}"] }
    subgraph clusterc30 { label=""; color=white; margin=0; c30 [label="{{<In0>}|Out}"] }
    subgraph cluster_28 {
      margin=8
      fontsize=20
      labeljust=r
      color=DarkGreen
      c25 [label="{In|{<Out0>|<Out1>}}"]
      c27 [label="{{<In0>}|Out}"]
      c26 [label="{{<In0>|<In1>}|apply|{<Out0>}}"]
      c26:Out0 -> c27:In0 []
      c25:Out0 -> c26:In0 []
      c25:Out1 -> c26:In1 []
    }
    subgraph clusterc29 { label=""; color=white; margin=0; c29 [label="{{<In0>|<In1>}|fmap|{<Out0>}}"] }
    subgraph clusterc24 { label=""; color=white; margin=0; c24 [label="{{<In0>|<In1>}|zip|{<Out0>}}"] }
    c29:Out0 -> c30:In0 []
    c27 -> c29:In0 [ltail=cluster_28]
    c24:Out0 -> c29:In1 []
    c18:Out0 -> c24:In0 []
    c19:Out0 -> c24:In1 []
  }
  subgraph clusterc69 { label=""; color=white; margin=0; c69 [label="{0.0|{<Out0>}}"] }
  subgraph cluster_141 {
    margin=8
    fontsize=20
    labeljust=r
    color=DarkGreen
    subgraph clusterc70 { label=""; color=white; margin=0; c70 [label="{In|{<Out0>}}"] }
    subgraph clusterc140 { label=""; color=white; margin=0; c140 [label="{{<In0>}|Out}"] }
    subgraph cluster_138 {
      margin=8
      fontsize=20
      labeljust=r
      color=DarkGreen
      c135 [label="{1.0|{<Out0>}}"]
      c132 [label="{{<In0>|<In1>}|\a|{<Out0>}}"]
      c71 [label="{In|{<Out0>}}"]
      c137 [label="{{<In0>}|Out}"]
      c136 [label="{{<In0>|<In1>|<In2>}|if|{<Out0>}}"]
      c70:Out0 -> c132:In0 []
      c71:Out0 -> c132:In1 []
      c136:Out0 -> c137:In0 []
      c132:Out0 -> c136:In0 []
      c135:Out0 -> c136:In1 []
      c69:Out0 -> c136:In2 []
    }
    subgraph clusterc139 { label=""; color=white; margin=0; c139 [label="{{<In0>}|tabulate|{<Out0>}}"] }
    c139:Out0 -> c140:In0 []
    c137 -> c139:In0 [ltail=cluster_138]
  }
  subgraph clusterc142 { label=""; color=white; margin=0; c142 [label="{{<In0>}|tabulate|{<Out0>}}"] }
  subgraph clusterc143 { label=""; color=white; margin=0; c143 [label="{{<In0>}|point|{<Out0>}}"] }
  subgraph clusterc144 { label=""; color=white; margin=0; c144 [label="{{<In0>|<In1>}|zip|{<Out0>}}"] }
  subgraph cluster_156 {
    margin=8
    fontsize=20
    labeljust=r
    color=DarkGreen
    subgraph clusterc145 { label=""; color=white; margin=0; c145 [label="{In|{<Out0>|<Out1>}}"] }
    subgraph clusterc155 { label=""; color=white; margin=0; c155 [label="{{<In0>}|Out}"] }
    subgraph cluster_148 {
      margin=8
      fontsize=20
      labeljust=r
      color=DarkGreen
      c146 [label="{In|{<Out0>}}"]
      c147 [label="{{<In0>}|Out}"]
      c146:Out0 -> c147:In0 []
    }
    subgraph cluster_153 {
      margin=8
      fontsize=20
      labeljust=r
      color=DarkGreen
      c151 [label="{In|{<Out0>}}"]
      c152 [label="{{<In0>}|Out}"]
      c151:Out0 -> c152:In0 []
    }
    subgraph clusterc150 { label=""; color=white; margin=0; c150 [label="{{<In0>|<In1>}|apply|{<Out0>}}"] }
    subgraph clusterc149 { label=""; color=white; margin=0; c149 [label="{{<In0>|<In1>}|fmap|{<Out0>}}"] }
    subgraph clusterc154 { label=""; color=white; margin=0; c154 [label="{{<In0>|<In1>}|fmap|{<Out0>}}"] }
    c154:Out0 -> c155:In0 []
    c145:Out0 -> c150:In0 []
    c149:Out0 -> c150:In1 []
    c147 -> c149:In0 [ltail=cluster_148]
    c145:Out1 -> c149:In1 []
    c152 -> c154:In0 [ltail=cluster_153]
    c150:Out0 -> c154:In1 []
  }
  subgraph clusterc157 { label=""; color=white; margin=0; c157 [label="{{<In0>|<In1>}|fmap|{<Out0>}}"] }
  subgraph clusterc158 { label=""; color=white; margin=0; c158 [label="{{<In0>}|distribute|{<Out0>}}"] }
  subgraph clusterc159 { label=""; color=white; margin=0; c159 [label="{{<In0>}|Out}"] }
  c12 -> c14:In0 [ltail=cluster_13]
  c0:Out0 -> c14:In1 []
  c16 -> c18:In0 [ltail=cluster_17]
  c14:Out0 -> c18:In1 []
  c140 -> c142:In0 [ltail=cluster_141]
  c30 -> c143:In0 [ltail=cluster_31]
  c143:Out0 -> c144:In0 []
  c142:Out0 -> c144:In1 []
  c155 -> c157:In0 [ltail=cluster_156]
  c144:Out0 -> c157:In1 []
  c157:Out0 -> c158:In0 []
  c158:Out0 -> c159:In0 []
}
