digraph fmap_complex_b {
  margin=0
  compound=true
  rankdir=LR
  node [shape=Mrecord]
  edge [fontsize=8,fontcolor=indigo]
  bgcolor=transparent
  nslimit=20
  subgraph clusterc0 { label=""; color=white; margin=0; c0 [label="{In|{<Out0>|<Out1>}}"] }
  subgraph clusterc1 { label=""; color=white; margin=0; c1 [label="{{<In0>|<In1>}|point|{<Out0>}}"] }
  subgraph clusterc2 { label=""; color=white; margin=0; c2 [label="{{<In0>|<In1>}|zip|{<Out0>}}"] }
  subgraph cluster_6 {
    margin=8
    fontsize=20
    labeljust=r
    color=DarkGreen
    c4 [label="{{<In0>|<In1>}|+|{<Out0>}}"]
    c3 [label="{In|{<Out0>|<Out1>|<Out2>}}"]
    c5 [label="{{<In0>}|Out}"]
    c3:Out0 -> c4:In0 []
    c3:Out2 -> c4:In1 []
    c4:Out0 -> c5:In0 []
  }
  subgraph clusterc7 { label=""; color=white; margin=0; c7 [label="{{<In0>|<In1>}|fmap|{<Out0>}}"] }
  subgraph clusterc8 { label=""; color=white; margin=0; c8 [label="{{<In0>}|Out}"] }
  c0:Out0 -> c1:In0 []
  c0:Out1 -> c1:In1 []
  c1:Out0 -> c2:In0 []
  c0:Out1 -> c2:In1 []
  c5 -> c7:In0 [ltail=cluster_6]
  c2:Out0 -> c7:In1 []
  c7:Out0 -> c8:In0 []
}
