digraph fmap_cos_adr {
  margin=0
  compound=true
  rankdir=LR
  node [shape=Mrecord]
  edge [fontsize=8,fontcolor=indigo]
  bgcolor=transparent
  nslimit=20
  subgraph clusterc0 { label=""; color=white; margin=0; c0 [label="{In|{<Out0>}}"] }
  subgraph cluster_27 {
    margin=8
    fontsize=20
    labeljust=r
    color=DarkGreen
    subgraph clusterc1 { label=""; color=white; margin=0; c1 [label="{In|{<Out0>}}"] }
    subgraph clusterc26 { label=""; color=white; margin=0; c26 [label="{{<In0>|<In1>}|Out}"] }
    subgraph cluster_25 {
      margin=8
      fontsize=20
      labeljust=r
      color=DarkGreen
      c22 [label="{{<In0>|<In1>}|\×|{<Out0>}}"]
      c21 [label="{In|{<Out0>}}"]
      c24 [label="{{<In0>}|Out}"]
      c23 [label="{{<In0>}|negate|{<Out0>}}"]
      c16:Out0 -> c22:In0 [label="Double"]
      c21:Out0 -> c22:In1 [label="Double"]
      c23:Out0 -> c24:In0 [label="Double"]
      c22:Out0 -> c23:In0 [label="Double"]
    }
    subgraph clusterc15 { label=""; color=white; margin=0; c15 [label="{{<In0>}|cos|{<Out0>}}"] }
    subgraph clusterc16 { label=""; color=white; margin=0; c16 [label="{{<In0>}|sin|{<Out0>}}"] }
    c15:Out0 -> c26:In0 [label="Double"]
    c24 -> c26:In1 [ltail=cluster_25,label="Double ’ Double"]
    c1:Out0 -> c15:In0 [label="Double"]
    c1:Out0 -> c16:In0 [label="Double"]
  }
  subgraph clusterc28 { label=""; color=white; margin=0; c28 [label="{{<In0>|<In1>}|fmap|{<Out0>}}"] }
  subgraph clusterc29 { label=""; color=white; margin=0; c29 [label="{{<In0>}|unzip|{<Out0>|<Out1>}}"] }
  subgraph cluster_32 {
    margin=8
    fontsize=20
    labeljust=r
    color=DarkGreen
    c30 [label="{In|{<Out0>}}"]
    c31 [label="{{<In0>}|Out}"]
    c30:Out0 -> c31:In0 [label="Double ’ Double"]
  }
  subgraph clusterc33 { label=""; color=white; margin=0; c33 [label="{{<In0>|<In1>}|fmap|{<Out0>}}"] }
  subgraph cluster_36 {
    margin=8
    fontsize=20
    labeljust=r
    color=DarkGreen
    c34 [label="{In|{<Out0>}}"]
    c35 [label="{{<In0>}|Out}"]
    c34:Out0 -> c35:In0 [label="Double ’ Double"]
  }
  subgraph clusterc37 { label=""; color=white; margin=0; c37 [label="{{<In0>|<In1>}|fmap|{<Out0>}}"] }
  subgraph cluster_50 {
    margin=8
    fontsize=20
    labeljust=r
    color=DarkGreen
    subgraph clusterc38 { label=""; color=white; margin=0; c38 [label="{In|{<Out0>}}"] }
    subgraph clusterc49 { label=""; color=white; margin=0; c49 [label="{{<In0>}|Out}"] }
    subgraph cluster_47 {
      margin=8
      fontsize=20
      labeljust=r
      color=DarkGreen
      c44 [label="{In|{<Out0>|<Out1>}}"]
      c46 [label="{{<In0>}|Out}"]
      c45 [label="{{<In0>|<In1>}|apply|{<Out0>}}"]
      c45:Out0 -> c46:In0 [label="Double"]
      c44:Out0 -> c45:In0 [label="Double ’ Double"]
      c44:Out1 -> c45:In1 [label="Double"]
    }
    subgraph clusterc48 { label=""; color=white; margin=0; c48 [label="{{<In0>|<In1>}|fmap|{<Out0>}}"] }
    subgraph clusterc43 { label=""; color=white; margin=0; c43 [label="{{<In0>|<In1>}|zip|{<Out0>}}"] }
    c48:Out0 -> c49:In0 [label="Vector 5 Double"]
    c46 -> c48:In0 [ltail=cluster_47,label="(Double ’ Double) × Double ’ Double"]
    c43:Out0 -> c48:In1 [label="Vector 5 ((Double ’ Double) × Double)"]
    c37:Out0 -> c43:In0 [label="Vector 5 (Double ’ Double)"]
    c38:Out0 -> c43:In1 [label="Vector 5 Double"]
  }
  subgraph clusterc51 { label=""; color=white; margin=0; c51 [label="{{<In0>|<In1>}|Out}"] }
  c26 -> c28:In0 [ltail=cluster_27,label="Double ’ Double × (Double ’ Double)"]
  c0:Out0 -> c28:In1 [label="Vector 5 Double"]
  c28:Out0 -> c29:In0 [label="Vector 5 (Double × (Double ’ Double))"]
  c31 -> c33:In0 [ltail=cluster_32,label="(Double ’ Double) ’ Double ’ Double"]
  c29:Out1 -> c33:In1 [label="Vector 5 (Double ’ Double)"]
  c35 -> c37:In0 [ltail=cluster_36,label="(Double ’ Double) ’ Double ’ Double"]
  c33:Out0 -> c37:In1 [label="Vector 5 (Double ’ Double)"]
  c29:Out0 -> c51:In0 [label="Vector 5 Double"]
  c49 -> c51:In1 [ltail=cluster_50,label="Vector 5 Double ’ Vector 5 Double"]
}
