digraph fmap_point {
  margin=0
  compound=true
  rankdir=LR
  node [shape=Mrecord]
  edge [fontsize=8,fontcolor=indigo]
  bgcolor=transparent
  nslimit=20
  subgraph clusterc0 { label=""; color=white; margin=0; c0 [label="{In|{<Out0>}}"] }
  subgraph clusterc1 { label=""; color=white; margin=0; c1 [label="{{<In0>}|point|{<Out0>}}"] }
  subgraph cluster_5 {
    margin=8
    fontsize=20
    labeljust=r
    color=DarkGreen
    c2 [label="{In|{<Out0>}}"]
    c4 [label="{{<In0>}|Out}"]
    c3 [label="{{<In0>}|negate|{<Out0>}}"]
    c3:Out0 -> c4:In0 []
    c2:Out0 -> c3:In0 []
  }
  subgraph clusterc6 { label=""; color=white; margin=0; c6 [label="{{<In0>|<In1>}|fmap|{<Out0>}}"] }
  subgraph clusterc7 { label=""; color=white; margin=0; c7 [label="{{<In0>}|Out}"] }
  c0:Out0 -> c1:In0 []
  c4 -> c6:In0 [ltail=cluster_5]
  c1:Out0 -> c6:In1 []
  c6:Out0 -> c7:In0 []
}
