digraph horner {
  margin=0
  compound=true
  rankdir=LR
  node [shape=Mrecord]
  edge [fontsize=8,fontcolor=indigo]
  bgcolor=transparent
  nslimit=20
  c0 [label="{In|{<Out0>}}"]
  c1 [label="{1.0|{<Out0>}}"]
  c2 [label="{3.0|{<Out0>}}"]
  c3 [label="{5.0|{<Out0>}}"]
  c5 [label="{{<In0>|<In1>}|\×|{<Out0>}}"]
  c6 [label="{{<In0>|<In1>}|+|{<Out0>}}"]
  c7 [label="{{<In0>|<In1>}|\×|{<Out0>}}"]
  c8 [label="{{<In0>|<In1>}|+|{<Out0>}}"]
  c9 [label="{{<In0>}|Out}"]
  c0:Out0 -> c5:In0 []
  c3:Out0 -> c5:In1 []
  c2:Out0 -> c6:In0 []
  c5:Out0 -> c6:In1 []
  c0:Out0 -> c7:In0 []
  c6:Out0 -> c7:In1 []
  c1:Out0 -> c8:In0 []
  c7:Out0 -> c8:In1 []
  c8:Out0 -> c9:In0 []
}
