digraph idL_v {
  margin=0
  compound=true
  rankdir=LR
  node [shape=Mrecord]
  edge [fontsize=8,fontcolor=indigo]
  bgcolor=transparent
  nslimit=20
  c1 [label="{Vector [Vector [1.0,0.0,0.0,0.0,0.0,0.0,0.0,0.0],Vector [0.0,1.0,0.0,0.0,0.0,0.0,0.0,0.0],Vector [0.0,0.0,1.0,0.0,0.0,0.0,0.0,0.0],Vector [0.0,0.0,0.0,1.0,0.0,0.0,0.0,0.0],Vector [0.0,0.0,0.0,0.0,1.0,0.0,0.0,0.0],Vector [0.0,0.0,0.0,0.0,0.0,1.0,0.0,0.0],Vector [0.0,0.0,0.0,0.0,0.0,0.0,1.0,0.0],Vector [0.0,0.0,0.0,0.0,0.0,0.0,0.0,1.0]]|{<Out0>}}"]
  c2 [label="{{<In0>}|Out}"]
  c1:Out0 -> c2:In0 []
}
