digraph idL_2 {
  margin=0
  compound=true
  rankdir=LR
  node [shape=Mrecord]
  edge [fontsize=8,fontcolor=indigo]
  bgcolor=transparent
  nslimit=20
  subgraph cluster_11 {
    margin=8
    fontsize=20
    labeljust=r
    color=DarkGreen
    subgraph clusterc1 { label=""; color=white; margin=0; c1 [label="{In|{<Out0>}}"] }
    subgraph clusterc10 { label=""; color=white; margin=0; c10 [label="{{<In0>|<In1>}|Out}"] }
    subgraph cluster_8 {
      margin=8
      fontsize=20
      labeljust=r
      color=DarkGreen
      c5 [label="{0.0|{<Out0>}}"]
      c4 [label="{1.0|{<Out0>}}"]
      c3 [label="{{<In0>|<In1>}|\a|{<Out0>}}"]
      c2 [label="{In|{<Out0>}}"]
      c7 [label="{{<In0>}|Out}"]
      c6 [label="{{<In0>|<In1>|<In2>}|if|{<Out0>}}"]
      c1:Out0 -> c3:In0 []
      c2:Out0 -> c3:In1 []
      c6:Out0 -> c7:In0 []
      c3:Out0 -> c6:In0 []
      c4:Out0 -> c6:In1 []
      c5:Out0 -> c6:In2 []
    }
    subgraph clusterc9 { label=""; color=white; margin=0; c9 [label="{{<In0>}|tabulate|{<Out0>|<Out1>}}"] }
    c9:Out0 -> c10:In0 []
    c9:Out1 -> c10:In1 []
    c7 -> c9:In0 [ltail=cluster_8]
  }
  subgraph clusterc12 { label=""; color=white; margin=0; c12 [label="{{<In0>}|tabulate|{<Out0>|<Out1>|<Out2>|<Out3>}}"] }
  subgraph clusterc13 { label=""; color=white; margin=0; c13 [label="{{<In0>|<In1>|<In2>|<In3>}|Out}"] }
  c10 -> c12:In0 [ltail=cluster_11]
  c12:Out0 -> c13:In0 []
  c12:Out1 -> c13:In1 []
  c12:Out2 -> c13:In2 []
  c12:Out3 -> c13:In3 []
}
