digraph linearF_v {
  margin=0
  compound=true
  rankdir=LR
  node [shape=Mrecord]
  edge [fontsize=8,fontcolor=indigo]
  bgcolor=transparent
  nslimit=20
  subgraph clusterc0 { label=""; color=white; margin=0; c0 [label="{In|{<Out0>}}"] }
  subgraph clusterc22 { label=""; color=white; margin=0; c22 [label="{Vector [Vector [1.0,0.0,0.0,0.0,0.0,0.0,0.0,0.0],Vector [0.0,1.0,0.0,0.0,0.0,0.0,0.0,0.0],Vector [0.0,0.0,1.0,0.0,0.0,0.0,0.0,0.0],Vector [0.0,0.0,0.0,1.0,0.0,0.0,0.0,0.0],Vector [0.0,0.0,0.0,0.0,1.0,0.0,0.0,0.0],Vector [0.0,0.0,0.0,0.0,0.0,1.0,0.0,0.0],Vector [0.0,0.0,0.0,0.0,0.0,0.0,1.0,0.0],Vector [0.0,0.0,0.0,0.0,0.0,0.0,0.0,1.0]]|{<Out0>}}"] }
  subgraph clusterc23 { label=""; color=white; margin=0; c23 [label="{{<In0>}|point|{<Out0>}}"] }
  subgraph clusterc24 { label=""; color=white; margin=0; c24 [label="{{<In0>|<In1>}|zip|{<Out0>}}"] }
  subgraph cluster_28 {
    margin=8
    fontsize=20
    labeljust=r
    color=DarkGreen
    c25 [label="{In|{<Out0>|<Out1>}}"]
    c27 [label="{{<In0>}|Out}"]
    c26 [label="{{<In0>|<In1>}|apply|{<Out0>}}"]
    c26:Out0 -> c27:In0 []
    c25:Out0 -> c26:In0 []
    c25:Out1 -> c26:In1 []
  }
  subgraph clusterc29 { label=""; color=white; margin=0; c29 [label="{{<In0>|<In1>}|fmap|{<Out0>}}"] }
  subgraph clusterc30 { label=""; color=white; margin=0; c30 [label="{{<In0>}|distribute|{<Out0>}}"] }
  subgraph clusterc31 { label=""; color=white; margin=0; c31 [label="{{<In0>}|Out}"] }
  c0:Out0 -> c23:In0 []
  c23:Out0 -> c24:In0 []
  c22:Out0 -> c24:In1 []
  c27 -> c29:In0 [ltail=cluster_28]
  c24:Out0 -> c29:In1 []
  c29:Out0 -> c30:In0 []
  c30:Out0 -> c31:In0 []
}
