second (id . repr) .
((addC . exl ***
  abst .
  curry (addC . apply) .
  repr .
  apply .
  (curry (abst . apply . (exl *** repr . exr) . dup) .
   curry
   (curry (apply . (exl . exl *** apply . (exr . exl *** exr) . dup) . dup)) .
   repr . exr ***
   abst . curry (dup . exr)) .
  dup) .
 dup) .
apply .
((curry
  (apply .
   (curry
    (apply .
     (curry
      (apply .
       (curry
        (((exl . exr *** exl . exr . exl . exl) . dup ***
          apply .
          (curry (abst . apply . (exl *** repr . exr) . dup) .
           curry
           (curry
            ((apply . (exl . exl *** exl . exr) . dup ***
              apply . (exr . exl *** exr . exr) . dup) .
             dup)) .
           repr .
           apply .
           (curry (abst . apply . (exl *** repr . exr) . dup) .
            curry
            (curry
             (apply .
              (exl . exl *** apply . (exr . exl *** exr) . dup) . dup)) .
            repr . exr . exr ***
            apply .
            (curry (abst . apply . (exl *** repr . exr) . dup) .
             curry
             (curry
              (apply .
               (exl . exl *** apply . (exr . exl *** exr) . dup) . dup)) .
             repr . exr . exr . exl ***
             abst . curry (dup . exr)) .
            dup) .
           dup ***
           apply .
           (curry (abst . apply . (exl *** repr . exr) . dup) .
            curry
            (curry
             (apply .
              (exl . exl *** apply . (exr . exl *** exr) . dup) . dup)) .
            repr . exr . exr . exl . exl ***
            apply .
            (curry (abst . apply . (exl *** repr . exr) . dup) .
             curry
             (curry
              (apply .
               (exl . exl *** apply . (exr . exl *** exr) . dup) . dup)) .
             repr . exr . exr . exl . exl . exl ***
             abst . curry (dup . exr)) .
            dup) .
           dup) .
          dup) .
         dup) ***
        ((mulC ***
          apply .
          (curry
           (abst .
            curry (addC . apply) .
            apply .
            (curry
             (curry
              ((apply . (exl . exl *** exl . exr) . dup ***
                apply . (exr . exl *** exr . exr) . dup) .
               dup)) .
             repr . exl ***
             repr . exr) .
            dup) .
           abst . curry mulC . exr ***
           abst . curry mulC . exl) .
          dup) .
         dup) .
        exl . exr) .
       dup) ***
      (((exl . exl *** exl . exr) . dup ***
        abst .
        curry ((exl . exl . exr *** apply . (exl *** exr . exr) . dup) . dup) .
        repr . abst . curry (exl . exr)) .
       dup) .
      dup . exl . exl . exl) .
     dup) ***
    ((mulC ***
      apply .
      (curry
       (abst .
        curry (addC . apply) .
        apply .
        (curry
         (curry
          ((apply . (exl . exl *** exl . exr) . dup ***
            apply . (exr . exl *** exr . exr) . dup) .
           dup)) .
         repr . exl ***
         repr . exr) .
        dup) .
       abst . curry mulC . exr ***
       abst . curry mulC . exl) .
      dup) .
     dup) .
    exl . exr) .
   dup) ***
  (((exr . exl *** exr . exr) . dup ***
    abst .
    curry ((exr . exl . exr *** apply . (exl *** exr . exr) . dup) . dup) .
    repr . abst . curry (exr . exr)) .
   dup) .
  dup . exr) .
 dup) .
dup