second coerce .
((addC . exl *** coerce . curry (addC . apply) . coerce . exr) . dup) .
((exl ***
  apply .
  (coerce .
   curry (apply . (exl *** coerce . exr) . dup) .
   curry
   (curry (apply . (exl . exl *** apply . (exr . exl *** exr) . dup) . dup)) .
   coerce . exr ***
   coerce . curry (dup . exr)) .
  dup) .
 dup) .
apply .
((curry
  (apply .
   (curry
    (((exl . exr *** exl . exr . exl) . dup ***
      apply .
      (coerce .
       curry (apply . (exl *** coerce . exr) . dup) .
       curry
       (curry
        ((apply . (exl . exl *** exl . exr) . dup ***
          apply . (exr . exl *** exr . exr) . dup) .
         dup)) .
       coerce . exr . exr ***
       exr . exr . exl) .
      dup) .
     dup) ***
    apply .
    ((curry
      ((exl . exr ***
        apply .
        (coerce .
         curry (apply . (exl *** coerce . exr) . dup) .
         curry
         (curry
          (apply . (exl . exl *** apply . (exr . exl *** exr) . dup) . dup)) .
         coerce . exr . exr ***
         exr . exl) .
        dup) .
       dup) ***
      ((mulC ***
        apply .
        (coerce .
         curry
         (curry (addC . apply) .
          apply .
          (curry
           (curry
            ((apply . (exl . exl *** exl . exr) . dup ***
              apply . (exr . exl *** exr . exr) . dup) .
             dup)) .
           coerce . exl ***
           coerce . exr) .
          dup) .
         coerce . curry mulC . exr ***
         coerce . curry mulC . exl) .
        dup) .
       dup) .
      exl) .
     dup) .
    ((exl ***
      apply .
      (coerce .
       curry (apply . (exl *** coerce . exr) . dup) .
       curry
       (curry
        (apply . (exl . exl *** apply . (exr . exl *** exr) . dup) . dup)) .
       coerce . exr ***
       coerce . curry (dup . exr)) .
      dup) .
     dup) .
    apply .
    ((curry
      (apply .
       (curry
        (((exl . exr *** exl . exr . exl) . dup ***
          apply .
          (coerce .
           curry (apply . (exl *** coerce . exr) . dup) .
           curry
           (curry
            ((apply . (exl . exl *** exl . exr) . dup ***
              apply . (exr . exl *** exr . exr) . dup) .
             dup)) .
           coerce . exr . exr ***
           exr . exr . exl) .
          dup) .
         dup) ***
        ((exl *** coerce . curry (exl . exr)) . dup) . exl . exl) .
       dup) ***
      ((exl *** coerce . curry (exl . exr)) . dup) . exr) .
     dup) .
    dup . exl . exl) .
   dup) ***
  apply .
  ((curry
    ((exl . exr ***
      apply .
      (coerce .
       curry (apply . (exl *** coerce . exr) . dup) .
       curry
       (curry
        (apply . (exl . exl *** apply . (exr . exl *** exr) . dup) . dup)) .
       coerce . exr . exr ***
       exr . exl) .
      dup) .
     dup) ***
    ((mulC ***
      apply .
      (coerce .
       curry
       (curry (addC . apply) .
        apply .
        (curry
         (curry
          ((apply . (exl . exl *** exl . exr) . dup ***
            apply . (exr . exl *** exr . exr) . dup) .
           dup)) .
         coerce . exl ***
         coerce . exr) .
        dup) .
       coerce . curry mulC . exr ***
       coerce . curry mulC . exl) .
      dup) .
     dup) .
    exl) .
   dup) .
  ((exl ***
    apply .
    (coerce .
     curry (apply . (exl *** coerce . exr) . dup) .
     curry
     (curry (apply . (exl . exl *** apply . (exr . exl *** exr) . dup) . dup)) .
     coerce . exr ***
     coerce . curry (dup . exr)) .
    dup) .
   dup) .
  apply .
  ((curry
    (apply .
     (curry
      (((exl . exr *** exl . exr . exl) . dup ***
        apply .
        (coerce .
         curry (apply . (exl *** coerce . exr) . dup) .
         curry
         (curry
          ((apply . (exl . exl *** exl . exr) . dup ***
            apply . (exr . exl *** exr . exr) . dup) .
           dup)) .
         coerce . exr . exr ***
         exr . exr . exl) .
        dup) .
       dup) ***
      ((exr *** coerce . curry (exr . exr)) . dup) . exl . exl) .
     dup) ***
    ((exr *** coerce . curry (exr . exr)) . dup) . exr) .
   dup) .
  dup . exr) .
 dup) .
dup