digraph magSqr_gradr {
  margin=0
  compound=true
  rankdir=LR
  node [shape=Mrecord]
  edge [fontsize=8,fontcolor=indigo]
  bgcolor=transparent
  nslimit=20
  c0 [label="{In|{<Out0>|<Out1>}}"]
  c3792 [label="{{<In0>|<In1>}|\×|{<Out0>}}"]
  c4758 [label="{{<In0>|<In1>}|\×|{<Out0>}}"]
  c5101 [label="{{<In0>|<In1>}|+|{<Out0>}}"]
  c5198 [label="{{<In0>|<In1>}|+|{<Out0>}}"]
  c5199 [label="{{<In0>|<In1>}|+|{<Out0>}}"]
  c5200 [label="{{<In0>|<In1>|<In2>}|Out}"]
  c0:Out1 -> c3792:In0 [label="Double"]
  c0:Out1 -> c3792:In1 [label="Double"]
  c0:Out0 -> c4758:In0 [label="Double"]
  c0:Out0 -> c4758:In1 [label="Double"]
  c3792:Out0 -> c5101:In0 [label="Double"]
  c4758:Out0 -> c5101:In1 [label="Double"]
  c0:Out0 -> c5198:In0 [label="Double"]
  c0:Out0 -> c5198:In1 [label="Double"]
  c0:Out1 -> c5199:In0 [label="Double"]
  c0:Out1 -> c5199:In1 [label="Double"]
  c5101:Out0 -> c5200:In0 [label="Double"]
  c5198:Out0 -> c5200:In1 [label="Double"]
  c5199:Out0 -> c5200:In2 [label="Double"]
}
