digraph magSqr_gradr {
  margin=0
  compound=true
  rankdir=LR
  node [shape=Mrecord]
  edge [fontsize=8,fontcolor=indigo]
  bgcolor=transparent
  nslimit=20
  c0 [label="{In|{<Out0>|<Out1>}}"]
  c704 [label="{{<In0>|<In1>}|\×|{<Out0>}}"]
  c1130 [label="{{<In0>|<In1>}|\×|{<Out0>}}"]
  c1440 [label="{{<In0>|<In1>}|+|{<Out0>}}"]
  c1501 [label="{{<In0>|<In1>}|+|{<Out0>}}"]
  c1502 [label="{{<In0>|<In1>}|+|{<Out0>}}"]
  c1503 [label="{{<In0>|<In1>|<In2>}|Out}"]
  c0:Out1 -> c704:In0 [label="Double"]
  c0:Out1 -> c704:In1 [label="Double"]
  c0:Out0 -> c1130:In0 [label="Double"]
  c0:Out0 -> c1130:In1 [label="Double"]
  c704:Out0 -> c1440:In0 [label="Double"]
  c1130:Out0 -> c1440:In1 [label="Double"]
  c0:Out0 -> c1501:In0 [label="Double"]
  c0:Out0 -> c1501:In1 [label="Double"]
  c0:Out1 -> c1502:In0 [label="Double"]
  c0:Out1 -> c1502:In1 [label="Double"]
  c1440:Out0 -> c1503:In0 [label="Double"]
  c1501:Out0 -> c1503:In1 [label="Double"]
  c1502:Out0 -> c1503:In2 [label="Double"]
}
