digraph max_ad {
  margin=0
  compound=true
  rankdir=LR
  node [shape=Mrecord]
  edge [fontsize=8,fontcolor=indigo]
  bgcolor=transparent
  nslimit=20
  subgraph clusterc0 { label=""; color=white; margin=0; c0 [label="{In|{<Out0>|<Out1>}}"] }
  subgraph clusterc61 { label=""; color=white; margin=0; c61 [label="{{<In0>|<In1>}|\d|{<Out0>}}"] }
  subgraph clusterc62 { label=""; color=white; margin=0; c62 [label="{{<In0>|<In1>|<In2>}|if|{<Out0>}}"] }
  subgraph cluster_118 {
    margin=8
    fontsize=20
    labeljust=r
    color=DarkGreen
    c114 [label="{In|{<Out0>|<Out1>}}"]
    c117 [label="{{<In0>}|Out}"]
    c116 [label="{{<In0>|<In1>|<In2>}|if|{<Out0>}}"]
    c116:Out0 -> c117:In0 []
    c61:Out0 -> c116:In0 []
    c114:Out1 -> c116:In1 []
    c114:Out0 -> c116:In2 []
  }
  subgraph clusterc119 { label=""; color=white; margin=0; c119 [label="{{<In0>|<In1>}|Out}"] }
  c0:Out0 -> c61:In0 []
  c0:Out1 -> c61:In1 []
  c61:Out0 -> c62:In0 []
  c0:Out1 -> c62:In1 []
  c0:Out0 -> c62:In2 []
  c62:Out0 -> c119:In0 []
  c117 -> c119:In1 [ltail=cluster_118]
}
