digraph sin_adfl {
  margin=0
  compound=true
  rankdir=LR
  node [shape=Mrecord]
  edge [fontsize=8,fontcolor=indigo]
  bgcolor=transparent
  nslimit=20
  subgraph clusterc0 { label=""; color=white; margin=0; c0 [label="{In|{<Out0>}}"] }
  subgraph clusterc12 { label=""; color=white; margin=0; c12 [label="{{<In0>}|sin|{<Out0>}}"] }
  subgraph clusterc13 { label=""; color=white; margin=0; c13 [label="{{<In0>}|cos|{<Out0>}}"] }
  subgraph cluster_20 {
    margin=8
    fontsize=20
    labeljust=r
    color=DarkGreen
    c18 [label="{{<In0>|<In1>}|\×|{<Out0>}}"]
    c17 [label="{In|{<Out0>}}"]
    c19 [label="{{<In0>}|Out}"]
    c13:Out0 -> c18:In0 [label="Double"]
    c17:Out0 -> c18:In1 [label="Double"]
    c18:Out0 -> c19:In0 [label="Double"]
  }
  subgraph cluster_51 {
    margin=8
    fontsize=20
    labeljust=r
    color=DarkGreen
    subgraph clusterc50 { label=""; color=white; margin=0; c50 [label="{{<In0>}|Out}"] }
    subgraph cluster_48 {
      margin=8
      fontsize=20
      labeljust=r
      color=DarkGreen
      c46 [label="{1.0|{<Out0>}}"]
      c47 [label="{{<In0>}|Out}"]
      c46:Out0 -> c47:In0 [label="Double"]
    }
    subgraph clusterc49 { label=""; color=white; margin=0; c49 [label="{{<In0>}|tabulate|{<Out0>}}"] }
    c49:Out0 -> c50:In0 [label="Double"]
    c47 -> c49:In0 [ltail=cluster_48,label="() ’ Double"]
  }
  subgraph clusterc52 { label=""; color=white; margin=0; c52 [label="{{<In0>}|tabulate|{<Out0>}}"] }
  subgraph clusterc53 { label=""; color=white; margin=0; c53 [label="{{<In0>}|point|{<Out0>}}"] }
  subgraph clusterc54 { label=""; color=white; margin=0; c54 [label="{{<In0>|<In1>}|zip|{<Out0>|<Out1>}}"] }
  subgraph cluster_58 {
    margin=8
    fontsize=20
    labeljust=r
    color=DarkGreen
    c55 [label="{In|{<Out0>|<Out1>}}"]
    c57 [label="{{<In0>}|Out}"]
    c56 [label="{{<In0>|<In1>}|apply|{<Out0>}}"]
    c56:Out0 -> c57:In0 [label="Double"]
    c55:Out0 -> c56:In0 [label="Double ’ Double"]
    c55:Out1 -> c56:In1 [label="Double"]
  }
  subgraph clusterc59 { label=""; color=white; margin=0; c59 [label="{{<In0>|<In1>|<In2>}|fmap|{<Out0>}}"] }
  subgraph clusterc60 { label=""; color=white; margin=0; c60 [label="{{<In0>}|distribute|{<Out0>}}"] }
  subgraph clusterc61 { label=""; color=white; margin=0; c61 [label="{{<In0>|<In1>}|Out}"] }
  c0:Out0 -> c12:In0 [label="Double"]
  c0:Out0 -> c13:In0 [label="Double"]
  c50 -> c52:In0 [ltail=cluster_51,label="() ’ Double"]
  c19 -> c53:In0 [ltail=cluster_20,label="Double ’ Double"]
  c53:Out0 -> c54:In0 [label="Double ’ Double"]
  c52:Out0 -> c54:In1 [label="Double"]
  c57 -> c59:In0 [ltail=cluster_58,label="(Double ’ Double) × Double ’ Double"]
  c54:Out0 -> c59:In1 [label="Double ’ Double"]
  c54:Out1 -> c59:In2 [label="Double"]
  c59:Out0 -> c60:In0 [label="Double"]
  c12:Out0 -> c61:In0 [label="Double"]
  c60:Out0 -> c61:In1 [label="Double"]
}
