digraph sqr_adr {
  margin=0
  compound=true
  rankdir=LR
  node [shape=Mrecord]
  edge [fontsize=8,fontcolor=indigo]
  bgcolor=transparent
  nslimit=20
  subgraph clusterc0 { label=""; color=white; margin=0; c0 [label="{In|{<Out0>}}"] }
  subgraph clusterc102 { label=""; color=white; margin=0; c102 [label="{{<In0>|<In1>}|\×|{<Out0>}}"] }
  subgraph cluster_230 {
    margin=8
    fontsize=20
    labeljust=r
    color=DarkGreen
    c227 [label="{{<In0>|<In1>}|\×|{<Out0>}}"]
    c228 [label="{{<In0>|<In1>}|+|{<Out0>}}"]
    c226 [label="{In|{<Out0>}}"]
    c229 [label="{{<In0>}|Out}"]
    c0:Out0 -> c227:In0 [label="Double"]
    c226:Out0 -> c227:In1 [label="Double"]
    c227:Out0 -> c228:In0 [label="Double"]
    c227:Out0 -> c228:In1 [label="Double"]
    c228:Out0 -> c229:In0 [label="Double"]
  }
  subgraph clusterc231 { label=""; color=white; margin=0; c231 [label="{{<In0>|<In1>}|Out}"] }
  c0:Out0 -> c102:In0 [label="Double"]
  c0:Out0 -> c102:In1 [label="Double"]
  c102:Out0 -> c231:In0 [label="Double"]
  c229 -> c231:In1 [ltail=cluster_230,label="Double ’ Double"]
}
