digraph sqr_adr {
  margin=0
  compound=true
  rankdir=LR
  node [shape=Mrecord]
  edge [fontsize=8,fontcolor=indigo]
  bgcolor=transparent
  nslimit=20
  subgraph clusterc0 { label=""; color=white; margin=0; c0 [label="{In|{<Out0>}}"] }
  subgraph clusterc1 { label=""; color=white; margin=0; c1 [label="{{<In0>|<In1>}|\×|{<Out0>}}"] }
  subgraph cluster_154 {
    margin=8
    fontsize=20
    labeljust=r
    color=DarkGreen
    c151 [label="{{<In0>|<In1>}|\×|{<Out0>}}"]
    c152 [label="{{<In0>|<In1>}|+|{<Out0>}}"]
    c150 [label="{In|{<Out0>}}"]
    c153 [label="{{<In0>}|Out}"]
    c0:Out0 -> c151:In0 [label="Double"]
    c150:Out0 -> c151:In1 [label="Double"]
    c151:Out0 -> c152:In0 [label="Double"]
    c151:Out0 -> c152:In1 [label="Double"]
    c152:Out0 -> c153:In0 [label="Double"]
  }
  subgraph clusterc155 { label=""; color=white; margin=0; c155 [label="{{<In0>|<In1>}|Out}"] }
  c0:Out0 -> c1:In0 [label="Double"]
  c0:Out0 -> c1:In1 [label="Double"]
  c1:Out0 -> c155:In0 [label="Double"]
  c153 -> c155:In1 [ltail=cluster_154,label="Double ’ Double"]
}
