((exl . id *** apply . ((id *** const 1.0) . dup) . repr . exr . id) . dup) .
second repr .
apply .
((curry
  ((exl . exr ***
    apply .
    (curry
     (abst .
      apply .
      (curry (abst . apply . (exl *** repr . exr) . dup) .
       curry
       (curry
        (apply . (exl . exl *** apply . (exr . exl *** exr) . dup) . dup)) .
       repr . repr . exr ***
       repr . exl) .
      dup) .
     exr . exr ***
     apply .
     (curry
      (abst .
       apply .
       (curry (abst . apply . (exl *** repr . exr) . dup) .
        curry
        (curry
         (apply . (exl . exl *** apply . (exr . exl *** exr) . dup) . dup)) .
        repr . repr . exr ***
        repr . exl) .
       dup) .
      exr . exl ***
      abst . abst . curry (addC . exr)) .
     dup) .
    dup) .
   dup) ***
  ((mulC ***
    apply .
    (curry
     (abst .
      apply .
      (curry (abst . apply . (exl *** repr . exr) . dup) .
       curry
       (curry
        (apply . (exl . exl *** apply . (exr . exl *** exr) . dup) . dup)) .
       repr .
       apply .
       (curry (abst . apply . (exl *** repr . exr) . dup) .
        curry
        (curry
         ((apply . (exl . exl *** exl . exr) . dup ***
           apply . (exr . exl *** exr . exr) . dup) .
          dup)) .
        (id . repr) . repr . exl ***
        repr . exr) .
       dup ***
       abst . curry (dup . exr)) .
      dup) .
     abst . abst . curry mulC . exr ***
     abst . abst . curry mulC . exl) .
    dup) .
   dup) .
  exl) .
 dup) .
((id ***
  abst .
  abst .
  curry ((exl . exr *** apply . (exl *** exr . exr) . dup) . dup) .
  repr . repr . abst . abst . curry exr) .
 dup) .
dup