digraph sqr_iv {
  margin=0
  compound=true
  rankdir=LR
  node [shape=Mrecord]
  edge [fontsize=8,fontcolor=indigo]
  bgcolor=transparent
  nslimit=20
  c0 [label="{In|{<Out0>|<Out1>}}"]
  c1 [label="{{<In0>|<In1>}|\×|{<Out0>}}"]
  c2 [label="{{<In0>|<In1>}|\×|{<Out0>}}"]
  c3 [label="{{<In0>|<In1>}|\×|{<Out0>}}"]
  c31 [label="{{<In0>|<In1>}|min|{<Out0>}}"]
  c32 [label="{{<In0>|<In1>}|min|{<Out0>}}"]
  c33 [label="{{<In0>|<In1>}|min|{<Out0>}}"]
  c61 [label="{{<In0>|<In1>}|max|{<Out0>}}"]
  c62 [label="{{<In0>|<In1>}|max|{<Out0>}}"]
  c63 [label="{{<In0>|<In1>}|max|{<Out0>}}"]
  c64 [label="{{<In0>|<In1>}|Out}"]
  c0:Out0 -> c1:In0 [label="Int"]
  c0:Out0 -> c1:In1 [label="Int"]
  c0:Out0 -> c2:In0 [label="Int"]
  c0:Out1 -> c2:In1 [label="Int"]
  c0:Out1 -> c3:In0 [label="Int"]
  c0:Out1 -> c3:In1 [label="Int"]
  c1:Out0 -> c31:In0 [label="Int"]
  c2:Out0 -> c31:In1 [label="Int"]
  c2:Out0 -> c32:In0 [label="Int"]
  c3:Out0 -> c32:In1 [label="Int"]
  c31:Out0 -> c33:In0 [label="Int"]
  c32:Out0 -> c33:In1 [label="Int"]
  c1:Out0 -> c61:In0 [label="Int"]
  c2:Out0 -> c61:In1 [label="Int"]
  c2:Out0 -> c62:In0 [label="Int"]
  c3:Out0 -> c62:In1 [label="Int"]
  c61:Out0 -> c63:In0 [label="Int"]
  c62:Out0 -> c63:In1 [label="Int"]
  c33:Out0 -> c64:In0 [label="Int"]
  c63:Out0 -> c64:In1 [label="Int"]
}
