digraph sum_fun_2 {
  margin=0
  compound=true
  rankdir=LR
  node [shape=Mrecord]
  edge [fontsize=8,fontcolor=indigo]
  bgcolor=transparent
  nslimit=20
  c0 [label="{In|{<Out0>}}"]
  c1 [label="{False|{<Out0>}}"]
  c2 [label="{{<In0>|<In1>}|apply|{<Out0>}}"]
  c3 [label="{True|{<Out0>}}"]
  c4 [label="{{<In0>|<In1>}|apply|{<Out0>}}"]
  c5 [label="{{<In0>|<In1>}|+|{<Out0>}}"]
  c6 [label="{{<In0>}|Out}"]
  c0:Out0 -> c2:In0 [label="Bool ’ Int"]
  c1:Out0 -> c2:In1 [label="Bool"]
  c0:Out0 -> c4:In0 [label="Bool ’ Int"]
  c3:Out0 -> c4:In1 [label="Bool"]
  c2:Out0 -> c5:In0 [label="Int"]
  c4:Out0 -> c5:In1 [label="Int"]
  c5:Out0 -> c6:In0 [label="Int"]
}
