digraph sum_fun_8 {
  margin=0
  compound=true
  rankdir=LR
  node [shape=Mrecord]
  edge [fontsize=8,fontcolor=indigo]
  bgcolor=transparent
  nslimit=20
  c0 [label="{In|{<Out0>}}"]
  c9 [label="{False|{<Out0>}}"]
  c15 [label="{{<In0>|<In1>|<In2>|<In3>}|apply|{<Out0>}}"]
  c16 [label="{True|{<Out0>}}"]
  c17 [label="{{<In0>|<In1>|<In2>|<In3>}|apply|{<Out0>}}"]
  c18 [label="{{<In0>|<In1>}|+|{<Out0>}}"]
  c24 [label="{{<In0>|<In1>|<In2>|<In3>}|apply|{<Out0>}}"]
  c25 [label="{{<In0>|<In1>|<In2>|<In3>}|apply|{<Out0>}}"]
  c26 [label="{{<In0>|<In1>}|+|{<Out0>}}"]
  c27 [label="{{<In0>|<In1>}|+|{<Out0>}}"]
  c41 [label="{{<In0>|<In1>|<In2>|<In3>}|apply|{<Out0>}}"]
  c42 [label="{{<In0>|<In1>|<In2>|<In3>}|apply|{<Out0>}}"]
  c43 [label="{{<In0>|<In1>}|+|{<Out0>}}"]
  c49 [label="{{<In0>|<In1>|<In2>|<In3>}|apply|{<Out0>}}"]
  c50 [label="{{<In0>|<In1>|<In2>|<In3>}|apply|{<Out0>}}"]
  c51 [label="{{<In0>|<In1>}|+|{<Out0>}}"]
  c52 [label="{{<In0>|<In1>}|+|{<Out0>}}"]
  c53 [label="{{<In0>|<In1>}|+|{<Out0>}}"]
  c54 [label="{{<In0>}|Out}"]
  c0:Out0 -> c15:In0 [label="(Bool × Bool) × Bool ’ Int"]
  c9:Out0 -> c15:In1 [label="Bool"]
  c9:Out0 -> c15:In2 [label="Bool"]
  c9:Out0 -> c15:In3 [label="Bool"]
  c0:Out0 -> c17:In0 [label="(Bool × Bool) × Bool ’ Int"]
  c9:Out0 -> c17:In1 [label="Bool"]
  c9:Out0 -> c17:In2 [label="Bool"]
  c16:Out0 -> c17:In3 [label="Bool"]
  c15:Out0 -> c18:In0 [label="Int"]
  c17:Out0 -> c18:In1 [label="Int"]
  c0:Out0 -> c24:In0 [label="(Bool × Bool) × Bool ’ Int"]
  c9:Out0 -> c24:In1 [label="Bool"]
  c16:Out0 -> c24:In2 [label="Bool"]
  c9:Out0 -> c24:In3 [label="Bool"]
  c0:Out0 -> c25:In0 [label="(Bool × Bool) × Bool ’ Int"]
  c9:Out0 -> c25:In1 [label="Bool"]
  c16:Out0 -> c25:In2 [label="Bool"]
  c16:Out0 -> c25:In3 [label="Bool"]
  c24:Out0 -> c26:In0 [label="Int"]
  c25:Out0 -> c26:In1 [label="Int"]
  c18:Out0 -> c27:In0 [label="Int"]
  c26:Out0 -> c27:In1 [label="Int"]
  c0:Out0 -> c41:In0 [label="(Bool × Bool) × Bool ’ Int"]
  c16:Out0 -> c41:In1 [label="Bool"]
  c9:Out0 -> c41:In2 [label="Bool"]
  c9:Out0 -> c41:In3 [label="Bool"]
  c0:Out0 -> c42:In0 [label="(Bool × Bool) × Bool ’ Int"]
  c16:Out0 -> c42:In1 [label="Bool"]
  c9:Out0 -> c42:In2 [label="Bool"]
  c16:Out0 -> c42:In3 [label="Bool"]
  c41:Out0 -> c43:In0 [label="Int"]
  c42:Out0 -> c43:In1 [label="Int"]
  c0:Out0 -> c49:In0 [label="(Bool × Bool) × Bool ’ Int"]
  c16:Out0 -> c49:In1 [label="Bool"]
  c16:Out0 -> c49:In2 [label="Bool"]
  c9:Out0 -> c49:In3 [label="Bool"]
  c0:Out0 -> c50:In0 [label="(Bool × Bool) × Bool ’ Int"]
  c16:Out0 -> c50:In1 [label="Bool"]
  c16:Out0 -> c50:In2 [label="Bool"]
  c16:Out0 -> c50:In3 [label="Bool"]
  c49:Out0 -> c51:In0 [label="Int"]
  c50:Out0 -> c51:In1 [label="Int"]
  c43:Out0 -> c52:In0 [label="Int"]
  c51:Out0 -> c52:In1 [label="Int"]
  c27:Out0 -> c53:In0 [label="Int"]
  c52:Out0 -> c53:In1 [label="Int"]
  c53:Out0 -> c54:In0 [label="Int"]
}
