digraph sum_fun_4 {
  margin=0
  compound=true
  rankdir=LR
  node [shape=Mrecord]
  edge [fontsize=8,fontcolor=indigo]
  bgcolor=transparent
  nslimit=20
  c0 [label="{In|{<Out0>}}"]
  c1 [label="{False|{<Out0>}}"]
  c2 [label="{{<In0>|<In1>|<In2>}|apply|{<Out0>}}"]
  c3 [label="{True|{<Out0>}}"]
  c4 [label="{{<In0>|<In1>|<In2>}|apply|{<Out0>}}"]
  c5 [label="{{<In0>|<In1>}|+|{<Out0>}}"]
  c6 [label="{{<In0>|<In1>|<In2>}|apply|{<Out0>}}"]
  c7 [label="{{<In0>|<In1>|<In2>}|apply|{<Out0>}}"]
  c8 [label="{{<In0>|<In1>}|+|{<Out0>}}"]
  c9 [label="{{<In0>|<In1>}|+|{<Out0>}}"]
  c10 [label="{{<In0>}|Out}"]
  c0:Out0 -> c2:In0 []
  c1:Out0 -> c2:In1 []
  c1:Out0 -> c2:In2 []
  c0:Out0 -> c4:In0 []
  c1:Out0 -> c4:In1 []
  c3:Out0 -> c4:In2 []
  c2:Out0 -> c5:In0 []
  c4:Out0 -> c5:In1 []
  c0:Out0 -> c6:In0 []
  c3:Out0 -> c6:In1 []
  c1:Out0 -> c6:In2 []
  c0:Out0 -> c7:In0 []
  c3:Out0 -> c7:In1 []
  c3:Out0 -> c7:In2 []
  c6:Out0 -> c8:In0 []
  c7:Out0 -> c8:In1 []
  c5:Out0 -> c9:In0 []
  c8:Out0 -> c9:In1 []
  c9:Out0 -> c10:In0 []
}
