digraph sumA_gradr {
  margin=0
  compound=true
  rankdir=LR
  node [shape=Mrecord]
  edge [fontsize=8,fontcolor=indigo]
  bgcolor=transparent
  nslimit=20
  c0 [label="{In|{<Out0>}}"]
  c1 [label="{{<In0>}|sumA|{<Out0>}}"]
  c6 [label="{1.0|{<Out0>}}"]
  c7 [label="{{<In0>}|point|{<Out0>}}"]
  c8 [label="{{<In0>|<In1>}|Out}"]
  c0:Out0 -> c1:In0 [label="Vector 5 Double"]
  c6:Out0 -> c7:In0 [label="Double"]
  c1:Out0 -> c8:In0 [label="Double"]
  c7:Out0 -> c8:In1 [label="Vector 5 Double"]
}
