(apply .
 (apply .
  (apply .
   (curry
    (curry (curry (minC . (minC . exl . exl &&& minC . (exr . exl &&& exr))))) .
    exl . exr . exl &&&
    exr . exr . exl) &&&
   exl . exr) &&&
  exr . exr) .
 (id &&& exr . exl) . (id &&& exl) &&&
 apply .
 (apply .
  (apply .
   (curry
    (curry (curry (maxC . (maxC . exl . exl &&& maxC . (exr . exl &&& exr))))) .
    exl . exr . exl &&&
    exr . exr . exl) &&&
   exl . exr) &&&
  exr . exr) .
 (id &&& exr . exl) . (id &&& exl)) .
((mulC . (const 3 &&& exl) &&& mulC . (const 3 &&& exr)) &&&
 mulC . (const 3 &&& exl) &&& mulC . (const 3 &&& exr)) .
id