(exl . id &&& apply . (id &&& const 1.0) . repr . exr . id) .
second repr .
(addC . exl &&&
 abst .
 apply .
 (curry (abst . apply . (exl &&& repr . exr)) .
  curry (curry (apply . (exl . exl &&& apply . (exr . exl &&& exr)))) .
  repr . repr &&&
  abst . curry (dup . exr)) .
 apply .
 (curry
  (abst .
   apply .
   (curry (abst . apply . (exl &&& repr . exr)) .
    curry (curry (apply . (exl . exl &&& apply . (exr . exl &&& exr)))) .
    repr . repr . exr &&&
    repr . exl)) .
  exr &&&
  abst . abst . curry (addC . exr))) .
(id &&&
 abst .
 abst .
 curry (exl . exr &&& apply . (exl &&& exr . exr)) .
 repr . repr . abst . abst . curry exr) .
dup