digraph twice_adr {
  margin=0
  compound=true
  rankdir=LR
  node [shape=Mrecord]
  edge [fontsize=8,fontcolor=indigo]
  bgcolor=transparent
  nslimit=20
  subgraph clusterc0 { label=""; color=white; margin=0; c0 [label="{In|{<Out0>}}"] }
  subgraph clusterc1 { label=""; color=white; margin=0; c1 [label="{{<In0>|<In1>}|+|{<Out0>}}"] }
  subgraph cluster_28 {
    margin=8
    fontsize=20
    labeljust=r
    color=DarkGreen
    c26 [label="{{<In0>|<In1>}|+|{<Out0>}}"]
    c25 [label="{In|{<Out0>}}"]
    c27 [label="{{<In0>}|Out}"]
    c25:Out0 -> c26:In0 [label="Double"]
    c25:Out0 -> c26:In1 [label="Double"]
    c26:Out0 -> c27:In0 [label="Double"]
  }
  subgraph clusterc29 { label=""; color=white; margin=0; c29 [label="{{<In0>|<In1>}|Out}"] }
  c0:Out0 -> c1:In0 [label="Double"]
  c0:Out0 -> c1:In1 [label="Double"]
  c1:Out0 -> c29:In0 [label="Double"]
  c27 -> c29:In1 [ltail=cluster_28,label="Double ’ Double"]
}
