digraph twice_adr {
  margin=0
  compound=true
  rankdir=LR
  node [shape=Mrecord]
  edge [fontsize=8,fontcolor=indigo]
  bgcolor=transparent
  nslimit=20
  subgraph clusterc0 { label=""; color=white; margin=0; c0 [label="{In|{<Out0>}}"] }
  subgraph clusterc53 { label=""; color=white; margin=0; c53 [label="{{<In0>|<In1>}|+|{<Out0>}}"] }
  subgraph cluster_99 {
    margin=8
    fontsize=20
    labeljust=r
    color=DarkGreen
    c97 [label="{{<In0>|<In1>}|+|{<Out0>}}"]
    c96 [label="{In|{<Out0>}}"]
    c98 [label="{{<In0>}|Out}"]
    c96:Out0 -> c97:In0 [label="Double"]
    c96:Out0 -> c97:In1 [label="Double"]
    c97:Out0 -> c98:In0 [label="Double"]
  }
  subgraph clusterc100 { label=""; color=white; margin=0; c100 [label="{{<In0>|<In1>}|Out}"] }
  c0:Out0 -> c53:In0 [label="Double"]
  c0:Out0 -> c53:In1 [label="Double"]
  c53:Out0 -> c100:In0 [label="Double"]
  c98 -> c100:In1 [ltail=cluster_99,label="Double ’ Double"]
}
