digraph zipWith_mult_v {
  margin=0
  compound=true
  rankdir=LR
  node [shape=Mrecord]
  edge [fontsize=8,fontcolor=indigo]
  bgcolor=transparent
  nslimit=20
  subgraph clusterc0 { label=""; color=white; margin=0; c0 [label="{In|{<Out0>}}"] }
  subgraph cluster_17 {
    margin=8
    fontsize=20
    labeljust=r
    color=DarkGreen
    subgraph clusterc1 { label=""; color=white; margin=0; c1 [label="{In|{<Out0>}}"] }
    subgraph clusterc16 { label=""; color=white; margin=0; c16 [label="{{<In0>}|Out}"] }
    subgraph cluster_14 {
      margin=8
      fontsize=20
      labeljust=r
      color=DarkGreen
      c12 [label="{{<In0>|<In1>}|\×|{<Out0>}}"]
      c7 [label="{In|{<Out0>|<Out1>}}"]
      c13 [label="{{<In0>}|Out}"]
      c7:Out0 -> c12:In0 []
      c7:Out1 -> c12:In1 []
      c12:Out0 -> c13:In0 []
    }
    subgraph clusterc15 { label=""; color=white; margin=0; c15 [label="{{<In0>|<In1>}|fmap|{<Out0>}}"] }
    subgraph clusterc6 { label=""; color=white; margin=0; c6 [label="{{<In0>|<In1>}|zip|{<Out0>}}"] }
    c15:Out0 -> c16:In0 []
    c13 -> c15:In0 [ltail=cluster_14]
    c6:Out0 -> c15:In1 []
    c0:Out0 -> c6:In0 []
    c1:Out0 -> c6:In1 []
  }
  subgraph clusterc18 { label=""; color=white; margin=0; c18 [label="{{<In0>}|Out}"] }
  c16 -> c18:In0 [ltail=cluster_17]
}
