((exl . id *** coerce . exr . id) . dup) .
second coerce .
apply .
((curry
  ((exl . exr ***
    apply .
    (coerce .
     curry
     (apply .
      (coerce .
       curry (apply . (exl *** coerce . exr) . dup) .
       curry
       (curry
        (apply . (exl . exl *** apply . (exr . exl *** exr) . dup) . dup)) .
       coerce . coerce . exr ***
       coerce . exl) .
      dup) .
     exr . exr ***
     exr . exl) .
    dup) .
   dup) ***
  apply .
  ((curry
    ((exr ***
      coerce .
      curry mulC . apply . (curry exl . negateC . sinC . exl *** exr) . dup) .
     dup) ***
    cosC) .
   dup) .
  exl) .
 dup) .
(addC *** coerce . coerce . curry (dup . exr)) . dup