second coerce .
apply .
((curry
  ((exr ***
    apply .
    (coerce .
     curry (apply . (exl *** coerce . exr) . dup) .
     curry
     (curry (apply . (exl . exl *** apply . (exr . exl *** exr) . dup) . dup)) .
     coerce .
     coerce .
     curry mulC . apply . (curry exl . negateC . sinC . exl *** exr) . dup ***
     coerce . curry (addC . exr)) .
    dup) .
   dup) ***
  cosC) .
 dup) .
addC