((exl . id ***
  apply . ((coerce . exr *** const 1.0) . dup) . (id *** exr . id) . dup) .
 dup) .
second coerce .
apply .
((curry
  ((exl . exr ***
    apply .
    (coerce .
     curry
     (apply .
      (coerce .
       curry (apply . (exl *** coerce . exr) . dup) .
       curry
       (curry
        (apply . (exl . exl *** apply . (exr . exl *** exr) . dup) . dup)) .
       coerce . coerce . exr ***
       coerce . exl) .
      dup) .
     exr . exr ***
     exr . exl) .
    dup) .
   dup) ***
  apply .
  ((curry
    ((exr ***
      coerce .
      curry mulC . apply . (curry exl . negateC . sinC . exl *** exr) . dup) .
     dup) ***
    cosC) .
   dup) .
  exl) .
 dup) .
apply .
((curry
  ((exl . exr ***
    apply .
    (coerce .
     curry
     (apply .
      (coerce .
       curry (apply . (exl *** coerce . exr) . dup) .
       curry
       (curry
        (apply . (exl . exl *** apply . (exr . exl *** exr) . dup) . dup)) .
       coerce . coerce . exr ***
       coerce . exl) .
      dup) .
     exr . exr ***
     exr . exl) .
    dup) .
   dup) ***
  ((mulC ***
    apply .
    (curry
     (coerce .
      apply .
      (coerce .
       curry (apply . (exl *** coerce . exr) . dup) .
       curry
       (curry
        (apply . (exl . exl *** apply . (exr . exl *** exr) . dup) . dup)) .
       coerce .
       apply .
       (coerce .
        curry (apply . (exl *** coerce . exr) . dup) .
        curry
        (curry
         ((apply . (exl . exl *** exl . exr) . dup ***
           apply . (exr . exl *** exr . exr) . dup) .
          dup)) .
        coerce . coerce . exl ***
        coerce . exr) .
       dup ***
       coerce . curry (dup . exr)) .
      dup) .
     coerce . curry mulC . exr ***
     coerce . curry mulC . exl) .
    dup) .
   dup) .
  exl) .
 dup) .
((exl ***
  apply .
  (coerce .
   curry
   (apply .
    (coerce .
     curry (apply . (exl *** coerce . exr) . dup) .
     curry
     (curry (apply . (exl . exl *** apply . (exr . exl *** exr) . dup) . dup)) .
     coerce . coerce . exr ***
     coerce . exl) .
    dup) .
   exr ***
   coerce . coerce . curry (addC . exr)) .
  dup) .
 dup) .
apply .
((curry
  (apply .
   (curry
    (((exl . exr *** exl . exr . exl) . dup ***
      apply .
      (coerce .
       curry (apply . (exl *** coerce . exr) . dup) .
       coerce .
       curry (apply . (exl *** coerce . exr) . dup) .
       curry
       (curry
        ((apply . (exl . exl *** exl . exr) . dup ***
          apply . (exr . exl *** exr . exr) . dup) .
         dup)) .
       coerce . coerce . exr . exr ***
       exr . exr . exl) .
      dup) .
     dup) ***
    apply .
    ((curry
      ((exl . exr ***
        apply .
        (coerce .
         curry
         (apply .
          (coerce .
           curry (apply . (exl *** coerce . exr) . dup) .
           curry
           (curry
            (apply . (exl . exl *** apply . (exr . exl *** exr) . dup) . dup)) .
           coerce . coerce . exr ***
           coerce . exl) .
          dup) .
         exr . exr ***
         exr . exl) .
        dup) .
       dup) ***
      ((mulC ***
        apply .
        (curry
         (coerce .
          apply .
          (coerce .
           curry (apply . (exl *** coerce . exr) . dup) .
           curry
           (curry
            (apply . (exl . exl *** apply . (exr . exl *** exr) . dup) . dup)) .
           coerce .
           apply .
           (coerce .
            curry (apply . (exl *** coerce . exr) . dup) .
            curry
            (curry
             ((apply . (exl . exl *** exl . exr) . dup ***
               apply . (exr . exl *** exr . exr) . dup) .
              dup)) .
            coerce . coerce . exl ***
            coerce . exr) .
           dup ***
           coerce . curry (dup . exr)) .
          dup) .
         coerce . curry mulC . exr ***
         coerce . curry mulC . exl) .
        dup) .
       dup) .
      exl) .
     dup) .
    ((exl ***
      apply .
      (coerce .
       curry
       (apply .
        (coerce .
         curry (apply . (exl *** coerce . exr) . dup) .
         curry
         (curry
          (apply . (exl . exl *** apply . (exr . exl *** exr) . dup) . dup)) .
         coerce . coerce . exr ***
         coerce . exl) .
        dup) .
       exr ***
       coerce . coerce . curry (addC . exr)) .
      dup) .
     dup) .
    apply .
    ((curry
      (apply .
       (curry
        (((exl . exr *** exl . exr . exl) . dup ***
          apply .
          (coerce .
           curry (apply . (exl *** coerce . exr) . dup) .
           coerce .
           curry (apply . (exl *** coerce . exr) . dup) .
           curry
           (curry
            ((apply . (exl . exl *** exl . exr) . dup ***
              apply . (exr . exl *** exr . exr) . dup) .
             dup)) .
           coerce . coerce . exr . exr ***
           exr . exr . exl) .
          dup) .
         dup) ***
        ((const 2.0 ***
          coerce .
          coerce .
          curry (const 0.0) . coerce . coerce . curry (const ()) . const 0.0) .
         dup) .
        exl . exl) .
       dup) ***
      ((id *** coerce . coerce . curry exr) . dup) . exr) .
     dup) .
    dup . exl . exl) .
   dup) ***
  ((id *** coerce . coerce . curry exr) . dup) . exr) .
 dup) .
dup