second coerce .
((exl ***
  apply .
  (coerce .
   curry (apply . (exl *** coerce . exr) . dup) .
   curry
   (curry (apply . (exl . exl *** apply . (exr . exl *** exr) . dup) . dup)) .
   coerce . exr ***
   coerce . curry (dup . exr)) .
  dup) .
 dup) .
((mulC ***
  apply .
  (coerce .
   curry
   (curry (addC . apply) .
    apply .
    (curry
     (curry
      ((apply . (exl . exl *** exl . exr) . dup ***
        apply . (exr . exl *** exr . exr) . dup) .
       dup)) .
     coerce . exl ***
     coerce . exr) .
    dup) .
   coerce . curry mulC . exr ***
   coerce . curry mulC . exl) .
  dup) .
 dup) .
dup