((exl . id ***
  apply . ((coerce . exr *** const 1.0) . dup) . (id *** exr . id) . dup) .
 dup) .
second coerce .
apply .
((curry
  ((exl . exr ***
    apply .
    (coerce .
     curry
     (apply .
      (coerce .
       curry (apply . (exl *** coerce . exr) . dup) .
       curry
       (curry
        (apply . (exl . exl *** apply . (exr . exl *** exr) . dup) . dup)) .
       coerce . coerce . exr ***
       coerce . exl) .
      dup) .
     exr . exr ***
     exr . exl) .
    dup) .
   dup) ***
  ((mulC ***
    apply .
    (curry
     (coerce .
      apply .
      (coerce .
       curry (apply . (exl *** coerce . exr) . dup) .
       curry
       (curry
        (apply . (exl . exl *** apply . (exr . exl *** exr) . dup) . dup)) .
       coerce .
       apply .
       (coerce .
        curry (apply . (exl *** coerce . exr) . dup) .
        curry
        (curry
         ((apply . (exl . exl *** exl . exr) . dup ***
           apply . (exr . exl *** exr . exr) . dup) .
          dup)) .
        coerce . coerce . exl ***
        coerce . exr) .
       dup ***
       coerce . curry (dup . exr)) .
      dup) .
     coerce . curry mulC . exr ***
     coerce . curry mulC . exl) .
    dup) .
   dup) .
  exl) .
 dup) .
(dup *** coerce . coerce . curry (addC . exr)) . dup