digraph cos_2x_adf {
  margin=0
  compound=true
  rankdir=LR
  node [shape=Mrecord]
  edge [fontsize=8,fontcolor=indigo]
  bgcolor=transparent
  nslimit=20
  subgraph clusterc0 { label=""; color=white; margin=0; c0 [label="{In|{<Out0>}}"] }
  subgraph clusterc77 { label=""; color=white; margin=0; c77 [label="{2.0|{<Out0>}}"] }
  subgraph clusterc142 { label=""; color=white; margin=0; c142 [label="{{<In0>|<In1>}|\×|{<Out0>}}"] }
  subgraph clusterc253 { label=""; color=white; margin=0; c253 [label="{{<In0>}|cos|{<Out0>}}"] }
  subgraph clusterc254 { label=""; color=white; margin=0; c254 [label="{{<In0>}|sin|{<Out0>}}"] }
  subgraph cluster_287 {
    margin=8
    fontsize=20
    labeljust=r
    color=DarkGreen
    c283 [label="{{<In0>|<In1>}|\×|{<Out0>}}"]
    c284 [label="{{<In0>|<In1>}|\×|{<Out0>}}"]
    c282 [label="{In|{<Out0>}}"]
    c286 [label="{{<In0>}|Out}"]
    c285 [label="{{<In0>}|negate|{<Out0>}}"]
    c77:Out0 -> c283:In0 [label="Double"]
    c282:Out0 -> c283:In1 [label="Double"]
    c254:Out0 -> c284:In0 [label="Double"]
    c283:Out0 -> c284:In1 [label="Double"]
    c285:Out0 -> c286:In0 [label="Double"]
    c284:Out0 -> c285:In0 [label="Double"]
  }
  subgraph clusterc288 { label=""; color=white; margin=0; c288 [label="{{<In0>|<In1>}|Out}"] }
  c0:Out0 -> c142:In0 [label="Double"]
  c77:Out0 -> c142:In1 [label="Double"]
  c142:Out0 -> c253:In0 [label="Double"]
  c142:Out0 -> c254:In0 [label="Double"]
  c253:Out0 -> c288:In0 [label="Double"]
  c286 -> c288:In1 [ltail=cluster_287,label="Double ’ Double"]
}
