second (id . repr) .
apply .
((curry
  ((exl . exr ***
    apply .
    (coerce .
     curry (apply . (exl *** repr . exr) . dup) .
     curry
     (curry (apply . (exl . exl *** apply . (exr . exl *** exr) . dup) . dup)) .
     repr . exr . exr ***
     exr . exl) .
    dup) .
   dup) ***
  ((mulC ***
    apply .
    ((coerce .
      curry
      (curry (addC . apply) .
       apply .
       (curry
        (curry
         ((apply . (exl . exl *** exl . exr) . dup ***
           apply . (exr . exl *** exr . exr) . dup) .
          dup)) .
        repr . exl ***
        repr . exr) .
       dup) .
      abst . curry mulC . exr . exr ***
      abst . curry mulC . exl . exr) .
     dup) .
    dup) .
   dup) .
  exl) .
 dup) .
(dup *** abst . curry (dup . exr)) . dup