((exl . id ***
  apply . ((repr . exr *** const 1.0) . dup) . (id *** exr . id) . dup) .
 dup) .
second (id . repr) .
apply .
((curry
  ((exl . exr ***
    apply .
    (coerce .
     curry
     (apply .
      (coerce .
       curry (apply . (exl *** repr . exr) . dup) .
       curry
       (curry
        (apply . (exl . exl *** apply . (exr . exl *** exr) . dup) . dup)) .
       repr . repr . exr ***
       repr . exl) .
      dup) .
     exr . exr ***
     exr . exl) .
    dup) .
   dup) ***
  apply .
  ((curry
    ((exr ***
      abst .
      abst .
      curry mulC . apply . (curry exl . negateC . sinC . exl *** exr) . dup) .
     dup) ***
    cosC) .
   dup) .
  exl) .
 dup) .
apply .
((curry
  ((exl . exr ***
    apply .
    (coerce .
     curry
     (apply .
      (coerce .
       curry (apply . (exl *** repr . exr) . dup) .
       curry
       (curry
        (apply . (exl . exl *** apply . (exr . exl *** exr) . dup) . dup)) .
       repr . repr . exr ***
       repr . exl) .
      dup) .
     exr . exr ***
     exr . exl) .
    dup) .
   dup) ***
  ((mulC ***
    apply .
    ((coerce .
      curry
      (apply .
       (coerce .
        curry (apply . (exl *** repr . exr) . dup) .
        curry
        (curry
         (apply . (exl . exl *** apply . (exr . exl *** exr) . dup) . dup)) .
        repr .
        apply .
        (coerce .
         curry (apply . (exl *** repr . exr) . dup) .
         curry
         (curry
          ((apply . (exl . exl *** exl . exr) . dup ***
            apply . (exr . exl *** exr . exr) . dup) .
           dup)) .
         repr . repr . exl ***
         repr . exr) .
        dup ***
        abst . curry (dup . exr)) .
       dup) .
      abst . abst . curry mulC . exr . exr ***
      abst . abst . curry mulC . exl . exr) .
     dup) .
    dup) .
   dup) .
  exl) .
 dup) .
((exl ***
  apply .
  (coerce .
   curry
   (apply .
    (coerce .
     curry (apply . (exl *** repr . exr) . dup) .
     curry
     (curry (apply . (exl . exl *** apply . (exr . exl *** exr) . dup) . dup)) .
     repr . repr . exr ***
     repr . exl) .
    dup) .
   exr ***
   abst . abst . curry (addC . exr)) .
  dup) .
 dup) .
apply .
((curry
  (apply .
   (curry
    (((exl . exr *** exl . exr . exl) . dup ***
      apply .
      (coerce .
       curry (apply . (exl *** repr . exr) . dup) .
       coerce .
       curry (apply . (exl *** repr . exr) . dup) .
       curry
       (curry
        ((apply . (exl . exl *** exl . exr) . dup ***
          apply . (exr . exl *** exr . exr) . dup) .
         dup)) .
       repr . repr . exr . exr ***
       exr . exr . exl) .
      dup) .
     dup) ***
    ((const 2.0 ***
      abst .
      abst . curry (const 0.0) . repr . abst . curry (const ()) . const 0.0) .
     dup) .
    exl . exr . exl) .
   dup) ***
  ((id *** abst . abst . curry exr) . dup) . exr . exr) .
 dup) .
(id *** dup) . dup