digraph cos_xpy_adr {
  margin=0
  compound=true
  rankdir=LR
  node [shape=Mrecord]
  edge [fontsize=8,fontcolor=indigo]
  bgcolor=transparent
  nslimit=20
  subgraph clusterc0 { label=""; color=white; margin=0; c0 [label="{In|{<Out0>|<Out1>}}"] }
  subgraph clusterc155 { label=""; color=white; margin=0; c155 [label="{{<In0>|<In1>}|+|{<Out0>}}"] }
  subgraph clusterc263 { label=""; color=white; margin=0; c263 [label="{{<In0>}|cos|{<Out0>}}"] }
  subgraph clusterc264 { label=""; color=white; margin=0; c264 [label="{{<In0>}|sin|{<Out0>}}"] }
  subgraph cluster_320 {
    margin=8
    fontsize=20
    labeljust=r
    color=DarkGreen
    c316 [label="{{<In0>|<In1>}|\×|{<Out0>}}"]
    c315 [label="{In|{<Out0>}}"]
    c319 [label="{{<In0>|<In1>}|Out}"]
    c317 [label="{{<In0>}|negate|{<Out0>}}"]
    c264:Out0 -> c316:In0 [label="Double"]
    c315:Out0 -> c316:In1 [label="Double"]
    c317:Out0 -> c319:In0 [label="Double"]
    c317:Out0 -> c319:In1 [label="Double"]
    c316:Out0 -> c317:In0 [label="Double"]
  }
  subgraph clusterc321 { label=""; color=white; margin=0; c321 [label="{{<In0>|<In1>}|Out}"] }
  c0:Out0 -> c155:In0 [label="Double"]
  c0:Out1 -> c155:In1 [label="Double"]
  c155:Out0 -> c263:In0 [label="Double"]
  c155:Out0 -> c264:In0 [label="Double"]
  c263:Out0 -> c321:In0 [label="Double"]
  c319 -> c321:In1 [ltail=cluster_320,label="Double ’ Double × Double"]
}
