digraph cos_xpy_gradr {
  margin=0
  compound=true
  rankdir=LR
  node [shape=Mrecord]
  edge [fontsize=8,fontcolor=indigo]
  bgcolor=transparent
  nslimit=20
  c0 [label="{In|{<Out0>|<Out1>}}"]
  c155 [label="{{<In0>|<In1>}|+|{<Out0>}}"]
  c263 [label="{{<In0>}|cos|{<Out0>}}"]
  c264 [label="{{<In0>}|sin|{<Out0>}}"]
  c265 [label="{{<In0>}|negate|{<Out0>}}"]
  c323 [label="{{<In0>|<In1>|<In2>}|Out}"]
  c0:Out0 -> c155:In0 [label="Double"]
  c0:Out1 -> c155:In1 [label="Double"]
  c155:Out0 -> c263:In0 [label="Double"]
  c155:Out0 -> c264:In0 [label="Double"]
  c264:Out0 -> c265:In0 [label="Double"]
  c263:Out0 -> c323:In0 [label="Double"]
  c265:Out0 -> c323:In1 [label="Double"]
  c265:Out0 -> c323:In2 [label="Double"]
}
